#
# There is insufficient memory for the Java Runtime Environment to continue.
# Native memory allocation (malloc) failed to allocate 32744 bytes for ChunkPool::allocate
# Possible reasons:
#   The system is out of physical RAM or swap space
#   The process is running with CompressedOops enabled, and the Java Heap may be blocking the growth of the native heap
# Possible solutions:
#   Reduce memory load on the system
#   Increase physical memory or swap space
#   Check if swap backing store is full
#   Decrease Java heap size (-Xmx/-Xms)
#   Decrease number of Java threads
#   Decrease Java thread stack sizes (-Xss)
#   Set larger code cache with -XX:ReservedCodeCacheSize=
#   JVM is running with Zero Based Compressed Oops mode in which the Java heap is
#     placed in the first 32GB address space. The Java Heap base address is the
#     maximum limit for the native heap growth. Please use -XX:HeapBaseMinAddress
#     to set the Java Heap base and to place the Java Heap above 32GB virtual address.
# This output file may be truncated or incomplete.
#
#  Out of Memory Error (allocation.cpp:272), pid=17776, tid=0x00000000000031ec
#
# JRE version: Java(TM) SE Runtime Environment (8.0_421) (build 1.8.0_421-b09)
# Java VM: Java HotSpot(TM) 64-Bit Server VM (25.421-b09 mixed mode windows-amd64 compressed oops)
# Failed to write core dump. Minidumps are not enabled by default on client versions of Windows
#

---------------  T H R E A D  ---------------

Current thread (0x000001bc57f90800):  JavaThread "Daemon worker" [_thread_in_vm, id=12780, stack(0x0000003f53300000,0x0000003f53400000)]

Stack: [0x0000003f53300000,0x0000003f53400000]
Native frames: (J=compiled Java code, j=interpreted, Vv=VM code, C=native code)
V  [jvm.dll+0x34bb09]
V  [jvm.dll+0x288eb2]
V  [jvm.dll+0x289a80]
V  [jvm.dll+0x27dd05]
V  [jvm.dll+0xda38d]
V  [jvm.dll+0xda71c]
V  [jvm.dll+0x5365]
V  [jvm.dll+0x74a86]
V  [jvm.dll+0x70283]
V  [jvm.dll+0x74e4a]
V  [jvm.dll+0x74c69]
V  [jvm.dll+0x1957f7]
C  [java.dll+0x8196]
C  0x000001bc3b06ad14

Java frames: (J=compiled Java code, j=interpreted, Vv=VM code)
J 559  java.lang.Throwable.fillInStackTrace(I)Ljava/lang/Throwable; (0 bytes) @ 0x000001bc3b06ac7b [0x000001bc3b06ac40+0x3b]
J 587 C1 java.lang.Throwable.<init>(Ljava/lang/String;Ljava/lang/Throwable;)V (39 bytes) @ 0x000001bc3b07d4bc [0x000001bc3b07d160+0x35c]
J 561 C1 java.lang.ReflectiveOperationException.<init>(Ljava/lang/String;Ljava/lang/Throwable;)V (7 bytes) @ 0x000001bc3b069e84 [0x000001bc3b069dc0+0xc4]
J 1481 C2 java.net.URLClassLoader.findClass(Ljava/lang/String;)Ljava/lang/Class; (47 bytes) @ 0x000001bc3b35aef8 [0x000001bc3b35ade0+0x118]
J 1406 C2 java.lang.ClassLoader.loadClass(Ljava/lang/String;Z)Ljava/lang/Class; (122 bytes) @ 0x000001bc3b35f1e8 [0x000001bc3b35e440+0xda8]
J 560 C1 java.lang.ClassLoader.loadClass(Ljava/lang/String;)Ljava/lang/Class; (7 bytes) @ 0x000001bc3b06a30c [0x000001bc3b06a200+0x10c]
v  ~StubRoutines::call_stub
j  com.google.common.io.Files.asByteSource(Ljava/io/File;)Lcom/google/common/io/ByteSource;+0
j  com.google.common.io.Files.asCharSource(Ljava/io/File;Ljava/nio/charset/Charset;)Lcom/google/common/io/CharSource;+1
j  org.gradle.internal.nativeintegration.filesystem.services.GenericFileSystem.hasContent(Ljava/io/File;Ljava/lang/String;)Z+11
j  org.gradle.internal.nativeintegration.filesystem.services.GenericFileSystem.probeCaseSensitive(Ljava/io/File;Ljava/lang/String;)Z+18
j  org.gradle.internal.nativeintegration.filesystem.services.GenericFileSystem.initializeCaseSensitive()V+28
j  org.gradle.internal.nativeintegration.filesystem.services.GenericFileSystem.isCaseSensitive()Z+1
j  org.gradle.internal.service.scopes.VirtualFileSystemServices$GradleUserHomeServices.createVirtualFileSystem(Lorg/gradle/internal/watch/vfs/impl/LocationsWrittenByCurrentBuild;Lorg/gradle/api/internal/DocumentationRegistry;Lorg/gradle/internal/nativeintegration/NativeCapabilities;Lorg/gradle/internal/event/ListenerManager;Lorg/gradle/internal/nativeintegration/filesystem/FileSystem;Lorg/gradle/cache/GlobalCacheLocations;Lorg/gradle/internal/watch/vfs/WatchableFileSystemDetector;)Lorg/gradle/internal/watch/vfs/BuildLifecycleAwareVirtualFileSystem;+2
v  ~StubRoutines::call_stub
j  sun.reflect.NativeMethodAccessorImpl.invoke0(Ljava/lang/reflect/Method;Ljava/lang/Object;[Ljava/lang/Object;)Ljava/lang/Object;+0
j  sun.reflect.NativeMethodAccessorImpl.invoke(Ljava/lang/Object;[Ljava/lang/Object;)Ljava/lang/Object;+100
j  sun.reflect.DelegatingMethodAccessorImpl.invoke(Ljava/lang/Object;[Ljava/lang/Object;)Ljava/lang/Object;+6
j  java.lang.reflect.Method.invoke(Ljava/lang/Object;[Ljava/lang/Object;)Ljava/lang/Object;+56
j  org.gradle.internal.reflect.JavaMethod.invoke(Ljava/lang/Object;[Ljava/lang/Object;)Ljava/lang/Object;+6
j  org.gradle.internal.service.ReflectionBasedServiceMethod.invoke(Ljava/lang/Object;[Ljava/lang/Object;)Ljava/lang/Object;+6
j  org.gradle.internal.service.DefaultServiceRegistry$FactoryMethodService.invokeMethod([Ljava/lang/Object;)Ljava/lang/Object;+9
j  org.gradle.internal.service.DefaultServiceRegistry$FactoryService.createServiceInstance()Ljava/lang/Object;+7
J 1478 C1 org.gradle.internal.service.DefaultServiceRegistry$ManagedObjectServiceProvider.getInstance()Ljava/lang/Object; (47 bytes) @ 0x000001bc3b35bcb4 [0x000001bc3b35ba60+0x254]
J 1477 C1 org.gradle.internal.service.DefaultServiceRegistry$SingletonService.get()Ljava/lang/Object; (5 bytes) @ 0x000001bc3b35c4b4 [0x000001bc3b35c3c0+0xf4]
j  org.gradle.internal.service.DefaultServiceRegistry$FactoryService.assembleParameters()[Ljava/lang/Object;+44
j  org.gradle.internal.service.DefaultServiceRegistry$FactoryService.createServiceInstance()Ljava/lang/Object;+1
J 1478 C1 org.gradle.internal.service.DefaultServiceRegistry$ManagedObjectServiceProvider.getInstance()Ljava/lang/Object; (47 bytes) @ 0x000001bc3b35bcb4 [0x000001bc3b35ba60+0x254]
J 1477 C1 org.gradle.internal.service.DefaultServiceRegistry$SingletonService.get()Ljava/lang/Object; (5 bytes) @ 0x000001bc3b35c4b4 [0x000001bc3b35c3c0+0xf4]
j  org.gradle.internal.service.DefaultServiceRegistry$FactoryService.assembleParameters()[Ljava/lang/Object;+44
j  org.gradle.internal.service.DefaultServiceRegistry$FactoryService.createServiceInstance()Ljava/lang/Object;+1
J 1478 C1 org.gradle.internal.service.DefaultServiceRegistry$ManagedObjectServiceProvider.getInstance()Ljava/lang/Object; (47 bytes) @ 0x000001bc3b35bcb4 [0x000001bc3b35ba60+0x254]
J 1477 C1 org.gradle.internal.service.DefaultServiceRegistry$SingletonService.get()Ljava/lang/Object; (5 bytes) @ 0x000001bc3b35c4b4 [0x000001bc3b35c3c0+0xf4]
j  org.gradle.internal.service.DefaultServiceRegistry$FactoryService.assembleParameters()[Ljava/lang/Object;+44
j  org.gradle.internal.service.DefaultServiceRegistry$FactoryService.createServiceInstance()Ljava/lang/Object;+1
J 1478 C1 org.gradle.internal.service.DefaultServiceRegistry$ManagedObjectServiceProvider.getInstance()Ljava/lang/Object; (47 bytes) @ 0x000001bc3b35bcb4 [0x000001bc3b35ba60+0x254]
J 1477 C1 org.gradle.internal.service.DefaultServiceRegistry$SingletonService.get()Ljava/lang/Object; (5 bytes) @ 0x000001bc3b35c4b4 [0x000001bc3b35c3c0+0xf4]
j  org.gradle.internal.service.DefaultServiceRegistry$FactoryService.assembleParameters()[Ljava/lang/Object;+44
j  org.gradle.internal.service.DefaultServiceRegistry$FactoryService.createServiceInstance()Ljava/lang/Object;+1
J 1478 C1 org.gradle.internal.service.DefaultServiceRegistry$ManagedObjectServiceProvider.getInstance()Ljava/lang/Object; (47 bytes) @ 0x000001bc3b35bcb4 [0x000001bc3b35ba60+0x254]
J 1477 C1 org.gradle.internal.service.DefaultServiceRegistry$SingletonService.get()Ljava/lang/Object; (5 bytes) @ 0x000001bc3b35c4b4 [0x000001bc3b35c3c0+0xf4]
j  org.gradle.internal.service.DefaultServiceRegistry$FactoryService.assembleParameters()[Ljava/lang/Object;+44
j  org.gradle.internal.service.DefaultServiceRegistry$FactoryService.createServiceInstance()Ljava/lang/Object;+1
J 1478 C1 org.gradle.internal.service.DefaultServiceRegistry$ManagedObjectServiceProvider.getInstance()Ljava/lang/Object; (47 bytes) @ 0x000001bc3b35bcb4 [0x000001bc3b35ba60+0x254]
J 1477 C1 org.gradle.internal.service.DefaultServiceRegistry$SingletonService.get()Ljava/lang/Object; (5 bytes) @ 0x000001bc3b35c4b4 [0x000001bc3b35c3c0+0xf4]
j  org.gradle.internal.service.DefaultServiceRegistry.getCollectionService(Ljava/lang/Class;Lorg/gradle/internal/service/ServiceProvider;)Lorg/gradle/internal/service/Service;+76
j  org.gradle.internal.service.DefaultServiceRegistry.getCollectionService(Ljava/lang/reflect/Type;Lorg/gradle/internal/service/ServiceProvider;)Lorg/gradle/internal/service/Service;+14
j  org.gradle.internal.service.DefaultServiceRegistry.find(Ljava/lang/reflect/Type;Lorg/gradle/internal/service/ServiceProvider;)Lorg/gradle/internal/service/Service;+77
j  org.gradle.internal.service.DefaultServiceRegistry.access$1600(Ljava/lang/reflect/Type;Lorg/gradle/internal/service/ServiceProvider;)Lorg/gradle/internal/service/Service;+2
j  org.gradle.internal.service.DefaultServiceRegistry$FactoryService.bind()V+143
J 1458 C1 org.gradle.internal.service.DefaultServiceRegistry$SingletonService.prepare()Lorg/gradle/internal/service/Service; (111 bytes) @ 0x000001bc3b356c7c [0x000001bc3b3569a0+0x2dc]
j  org.gradle.internal.service.DefaultServiceRegistry$SingletonService.getService(Ljava/lang/reflect/Type;)Lorg/gradle/internal/service/Service;+14
j  org.gradle.internal.service.DefaultServiceRegistry$OwnServices.getService(Ljava/lang/reflect/Type;)Lorg/gradle/internal/service/Service;+41
j  org.gradle.internal.service.DefaultServiceRegistry$CompositeServiceProvider.getService(Ljava/lang/reflect/Type;)Lorg/gradle/internal/service/Service;+26
j  org.gradle.internal.service.DefaultServiceRegistry.find(Ljava/lang/reflect/Type;Lorg/gradle/internal/service/ServiceProvider;)Lorg/gradle/internal/service/Service;+112
j  org.gradle.internal.service.DefaultServiceRegistry.getService(Ljava/lang/reflect/Type;)Lorg/gradle/internal/service/Service;+9
j  org.gradle.internal.service.DefaultServiceRegistry.find(Ljava/lang/reflect/Type;)Ljava/lang/Object;+9
j  org.gradle.internal.service.DefaultServiceRegistry.get(Ljava/lang/reflect/Type;)Ljava/lang/Object;+2
j  org.gradle.internal.service.DefaultServiceRegistry.get(Ljava/lang/Class;)Ljava/lang/Object;+3
j  org.gradle.internal.buildtree.DefaultBuildTreeContext.execute(Lorg/gradle/internal/invocation/BuildAction;)Lorg/gradle/internal/buildtree/BuildActionRunner$Result;+54
j  org.gradle.launcher.exec.BuildTreeLifecycleBuildActionExecutor.lambda$execute$0(Lorg/gradle/internal/invocation/BuildAction;Lorg/gradle/internal/buildtree/BuildTreeContext;)Lorg/gradle/internal/buildtree/BuildActionRunner$Result;+2
j  org.gradle.launcher.exec.BuildTreeLifecycleBuildActionExecutor$$Lambda$22.apply(Ljava/lang/Object;)Ljava/lang/Object;+8
j  org.gradle.internal.buildtree.BuildTreeState.run(Ljava/util/function/Function;)Ljava/lang/Object;+5
j  org.gradle.launcher.exec.BuildTreeLifecycleBuildActionExecutor.execute(Lorg/gradle/internal/invocation/BuildAction;Lorg/gradle/internal/session/BuildSessionContext;)Lorg/gradle/internal/buildtree/BuildActionRunner$Result;+181
j  org.gradle.launcher.exec.RunAsBuildOperationBuildActionExecutor$3.call(Lorg/gradle/internal/operations/BuildOperationContext;)Lorg/gradle/internal/buildtree/BuildActionRunner$Result;+25
j  org.gradle.launcher.exec.RunAsBuildOperationBuildActionExecutor$3.call(Lorg/gradle/internal/operations/BuildOperationContext;)Ljava/lang/Object;+2
j  org.gradle.internal.operations.DefaultBuildOperationRunner$CallableBuildOperationWorker.execute(Lorg/gradle/internal/operations/CallableBuildOperation;Lorg/gradle/internal/operations/BuildOperationContext;)V+3
j  org.gradle.internal.operations.DefaultBuildOperationRunner$CallableBuildOperationWorker.execute(Lorg/gradle/internal/operations/BuildOperation;Lorg/gradle/internal/operations/BuildOperationContext;)V+6
j  org.gradle.internal.operations.DefaultBuildOperationRunner$2.execute(Lorg/gradle/internal/operations/BuildOperationDescriptor;Lorg/gradle/internal/operations/BuildOperationState;Lorg/gradle/internal/operations/BuildOperationState;Lorg/gradle/internal/operations/DefaultBuildOperationRunner$ReadableBuildOperationContext;Lorg/gradle/internal/operations/DefaultBuildOperationRunner$BuildOperationExecutionListener;)Lorg/gradle/internal/operations/BuildOperation;+22
j  org.gradle.internal.operations.DefaultBuildOperationRunner$2.execute(Lorg/gradle/internal/operations/BuildOperationDescriptor;Lorg/gradle/internal/operations/BuildOperationState;Lorg/gradle/internal/operations/BuildOperationState;Lorg/gradle/internal/operations/DefaultBuildOperationRunner$ReadableBuildOperationContext;Lorg/gradle/internal/operations/DefaultBuildOperationRunner$BuildOperationExecutionListener;)Ljava/lang/Object;+8
j  org.gradle.internal.operations.DefaultBuildOperationRunner.execute(Lorg/gradle/internal/operations/BuildOperationDescriptor$Builder;Lorg/gradle/internal/operations/BuildOperationState;Lorg/gradle/internal/operations/DefaultBuildOperationRunner$BuildOperationExecution;)Ljava/lang/Object;+141
j  org.gradle.internal.operations.DefaultBuildOperationRunner.execute(Lorg/gradle/internal/operations/BuildOperation;Lorg/gradle/internal/operations/BuildOperationWorker;Lorg/gradle/internal/operations/BuildOperationState;)V+18
j  org.gradle.internal.operations.DefaultBuildOperationRunner.call(Lorg/gradle/internal/operations/CallableBuildOperation;)Ljava/lang/Object;+16
j  org.gradle.internal.operations.DefaultBuildOperationExecutor.call(Lorg/gradle/internal/operations/CallableBuildOperation;)Ljava/lang/Object;+5
j  org.gradle.launcher.exec.RunAsBuildOperationBuildActionExecutor.execute(Lorg/gradle/internal/invocation/BuildAction;Lorg/gradle/internal/session/BuildSessionContext;)Lorg/gradle/internal/buildtree/BuildActionRunner$Result;+23
j  org.gradle.launcher.exec.RunAsWorkerThreadBuildActionExecutor.lambda$execute$0(Lorg/gradle/internal/invocation/BuildAction;Lorg/gradle/internal/session/BuildSessionContext;)Lorg/gradle/internal/buildtree/BuildActionRunner$Result;+6
j  org.gradle.launcher.exec.RunAsWorkerThreadBuildActionExecutor$$Lambda$21.create()Ljava/lang/Object;+12
j  org.gradle.internal.work.DefaultWorkerLeaseService.withLocks(Ljava/lang/Iterable;Lorg/gradle/internal/Factory;)Ljava/lang/Object;+26
j  org.gradle.internal.work.DefaultWorkerLeaseService.runAsWorkerThread(Lorg/gradle/internal/Factory;)Ljava/lang/Object;+33
j  org.gradle.launcher.exec.RunAsWorkerThreadBuildActionExecutor.execute(Lorg/gradle/internal/invocation/BuildAction;Lorg/gradle/internal/session/BuildSessionContext;)Lorg/gradle/internal/buildtree/BuildActionRunner$Result;+12
j  org.gradle.tooling.internal.provider.ContinuousBuildActionExecutor.execute(Lorg/gradle/internal/invocation/BuildAction;Lorg/gradle/internal/session/BuildSessionContext;)Lorg/gradle/internal/buildtree/BuildActionRunner$Result;+58
j  org.gradle.tooling.internal.provider.SubscribableBuildActionExecutor.execute(Lorg/gradle/internal/invocation/BuildAction;Lorg/gradle/internal/session/BuildSessionContext;)Lorg/gradle/internal/buildtree/BuildActionRunner$Result;+30
j  org.gradle.internal.session.DefaultBuildSessionContext.execute(Lorg/gradle/internal/invocation/BuildAction;)Lorg/gradle/internal/buildtree/BuildActionRunner$Result;+64
j  org.gradle.tooling.internal.provider.BuildSessionLifecycleBuildActionExecuter$ActionImpl.apply(Lorg/gradle/internal/session/BuildSessionContext;)Lorg/gradle/launcher/exec/BuildActionResult;+6
j  org.gradle.tooling.internal.provider.BuildSessionLifecycleBuildActionExecuter$ActionImpl.apply(Ljava/lang/Object;)Ljava/lang/Object;+5
j  org.gradle.internal.session.BuildSessionState.run(Ljava/util/function/Function;)Ljava/lang/Object;+5
j  org.gradle.tooling.internal.provider.BuildSessionLifecycleBuildActionExecuter.execute(Lorg/gradle/internal/invocation/BuildAction;Lorg/gradle/launcher/exec/BuildActionParameters;Lorg/gradle/initialization/BuildRequestContext;)Lorg/gradle/launcher/exec/BuildActionResult;+95
j  org.gradle.tooling.internal.provider.BuildSessionLifecycleBuildActionExecuter.execute(Lorg/gradle/internal/invocation/BuildAction;Ljava/lang/Object;Ljava/lang/Object;)Lorg/gradle/launcher/exec/BuildActionResult;+10
j  org.gradle.tooling.internal.provider.StartParamsValidatingActionExecuter.execute(Lorg/gradle/internal/invocation/BuildAction;Lorg/gradle/launcher/exec/BuildActionParameters;Lorg/gradle/initialization/BuildRequestContext;)Lorg/gradle/launcher/exec/BuildActionResult;+177
j  org.gradle.tooling.internal.provider.StartParamsValidatingActionExecuter.execute(Lorg/gradle/internal/invocation/BuildAction;Ljava/lang/Object;Ljava/lang/Object;)Lorg/gradle/launcher/exec/BuildActionResult;+10
j  org.gradle.tooling.internal.provider.SessionFailureReportingActionExecuter.execute(Lorg/gradle/internal/invocation/BuildAction;Lorg/gradle/launcher/exec/BuildActionParameters;Lorg/gradle/initialization/BuildRequestContext;)Lorg/gradle/launcher/exec/BuildActionResult;+7
j  org.gradle.tooling.internal.provider.SessionFailureReportingActionExecuter.execute(Lorg/gradle/internal/invocation/BuildAction;Ljava/lang/Object;Ljava/lang/Object;)Lorg/gradle/launcher/exec/BuildActionResult;+10
j  org.gradle.tooling.internal.provider.SetupLoggingActionExecuter.execute(Lorg/gradle/internal/invocation/BuildAction;Lorg/gradle/launcher/exec/BuildActionParameters;Lorg/gradle/initialization/BuildRequestContext;)Lorg/gradle/launcher/exec/BuildActionResult;+50
j  org.gradle.tooling.internal.provider.SetupLoggingActionExecuter.execute(Lorg/gradle/internal/invocation/BuildAction;Ljava/lang/Object;Ljava/lang/Object;)Lorg/gradle/launcher/exec/BuildActionResult;+10
j  org.gradle.launcher.daemon.server.exec.ExecuteBuild.doBuild(Lorg/gradle/launcher/daemon/server/api/DaemonCommandExecution;Lorg/gradle/launcher/daemon/protocol/Build;)V+117
j  org.gradle.launcher.daemon.server.exec.BuildCommandOnly.execute(Lorg/gradle/launcher/daemon/server/api/DaemonCommandExecution;)V+49
j  org.gradle.launcher.daemon.server.api.DaemonCommandExecution.proceed()Z+23
j  org.gradle.launcher.daemon.server.exec.WatchForDisconnection.execute(Lorg/gradle/launcher/daemon/server/api/DaemonCommandExecution;)V+19
j  org.gradle.launcher.daemon.server.api.DaemonCommandExecution.proceed()Z+23
j  org.gradle.launcher.daemon.server.exec.ResetDeprecationLogger.execute(Lorg/gradle/launcher/daemon/server/api/DaemonCommandExecution;)V+7
j  org.gradle.launcher.daemon.server.api.DaemonCommandExecution.proceed()Z+23
j  org.gradle.launcher.daemon.server.exec.RequestStopIfSingleUsedDaemon.execute(Lorg/gradle/launcher/daemon/server/api/DaemonCommandExecution;)V+33
j  org.gradle.launcher.daemon.server.api.DaemonCommandExecution.proceed()Z+23
j  org.gradle.launcher.daemon.server.exec.ForwardClientInput$2.create()Ljava/lang/Void;+4
j  org.gradle.launcher.daemon.server.exec.ForwardClientInput$2.create()Ljava/lang/Object;+1
j  org.gradle.util.internal.Swapper.swap(Ljava/lang/Object;Lorg/gradle/internal/Factory;)Ljava/lang/Object;+21
j  org.gradle.launcher.daemon.server.exec.ForwardClientInput.execute(Lorg/gradle/launcher/daemon/server/api/DaemonCommandExecution;)V+63
j  org.gradle.launcher.daemon.server.api.DaemonCommandExecution.proceed()Z+23
j  org.gradle.launcher.daemon.server.exec.LogAndCheckHealth.execute(Lorg/gradle/launcher/daemon/server/api/DaemonCommandExecution;)V+28
j  org.gradle.launcher.daemon.server.api.DaemonCommandExecution.proceed()Z+23
j  org.gradle.launcher.daemon.server.exec.LogToClient.doBuild(Lorg/gradle/launcher/daemon/server/api/DaemonCommandExecution;Lorg/gradle/launcher/daemon/protocol/Build;)V+87
j  org.gradle.launcher.daemon.server.exec.BuildCommandOnly.execute(Lorg/gradle/launcher/daemon/server/api/DaemonCommandExecution;)V+49
j  org.gradle.launcher.daemon.server.api.DaemonCommandExecution.proceed()Z+23
j  org.gradle.launcher.daemon.server.exec.EstablishBuildEnvironment.doBuild(Lorg/gradle/launcher/daemon/server/api/DaemonCommandExecution;Lorg/gradle/launcher/daemon/protocol/Build;)V+356
j  org.gradle.launcher.daemon.server.exec.BuildCommandOnly.execute(Lorg/gradle/launcher/daemon/server/api/DaemonCommandExecution;)V+49
j  org.gradle.launcher.daemon.server.api.DaemonCommandExecution.proceed()Z+23
j  org.gradle.launcher.daemon.server.exec.StartBuildOrRespondWithBusy$1.run()V+44
j  org.gradle.launcher.daemon.server.DaemonStateCoordinator$1.run()V+4
j  org.gradle.internal.concurrent.ExecutorPolicy$CatchAndRecordFailures.onExecute(Ljava/lang/Runnable;)V+1
j  org.gradle.internal.concurrent.ManagedExecutorImpl$1.run()V+25
j  java.util.concurrent.ThreadPoolExecutor.runWorker(Ljava/util/concurrent/ThreadPoolExecutor$Worker;)V+95
j  java.util.concurrent.ThreadPoolExecutor$Worker.run()V+5
j  java.lang.Thread.run()V+11
v  ~StubRoutines::call_stub

---------------  P R O C E S S  ---------------

Java Threads: ( => current thread )
  0x000001bc594ef800 JavaThread "Cache worker for file hash cache (C:\Users\aaron\.gradle\caches\7.4\fileHashes)" [_thread_blocked, id=9736, stack(0x0000003f53900000,0x0000003f53a00000)]
  0x000001bc594eb800 JavaThread "File lock request listener" [_thread_in_native, id=6472, stack(0x0000003f53800000,0x0000003f53900000)]
  0x000001bc594eb000 JavaThread "Cache worker for journal cache (C:\Users\aaron\.gradle\caches\journal-1)" [_thread_blocked, id=5712, stack(0x0000003f53700000,0x0000003f53800000)]
  0x000001bc57f92000 JavaThread "Daemon client event forwarder" [_thread_blocked, id=6244, stack(0x0000003f53600000,0x0000003f53700000)]
  0x000001bc57f91800 JavaThread "Stdin handler" [_thread_blocked, id=16228, stack(0x0000003f53500000,0x0000003f53600000)]
  0x000001bc57f93000 JavaThread "Asynchronous log dispatcher for DefaultDaemonConnection: socket connection from /127.0.0.1:49860 to /127.0.0.1:49861" [_thread_blocked, id=6564, stack(0x0000003f53400000,0x0000003f53500000)]
=>0x000001bc57f90800 JavaThread "Daemon worker" [_thread_in_vm, id=12780, stack(0x0000003f53300000,0x0000003f53400000)]
  0x000001bc57f94800 JavaThread "Cancel handler" [_thread_blocked, id=5892, stack(0x0000003f53200000,0x0000003f53300000)]
  0x000001bc57f90000 JavaThread "Handler for socket connection from /127.0.0.1:49860 to /127.0.0.1:49861" [_thread_in_native, id=25748, stack(0x0000003f53100000,0x0000003f53200000)]
  0x000001bc57f8e800 JavaThread "Daemon" [_thread_blocked, id=9104, stack(0x0000003f53000000,0x0000003f53100000)]
  0x000001bc57f8f000 JavaThread "Daemon periodic checks" [_thread_blocked, id=13448, stack(0x0000003f52f00000,0x0000003f53000000)]
  0x000001bc57f95000 JavaThread "Incoming local TCP Connector on port 49860" [_thread_in_native, id=27788, stack(0x0000003f52e00000,0x0000003f52f00000)]
  0x000001bc57f93800 JavaThread "Daemon health stats" [_thread_blocked, id=15420, stack(0x0000003f52d00000,0x0000003f52e00000)]
  0x000001bc565e1000 JavaThread "Service Thread" daemon [_thread_blocked, id=25508, stack(0x0000003f52b00000,0x0000003f52c00000)]
  0x000001bc54123000 JavaThread "C1 CompilerThread3" daemon [_thread_blocked, id=31412, stack(0x0000003f52a00000,0x0000003f52b00000)]
  0x000001bc5411f000 JavaThread "C2 CompilerThread2" daemon [_thread_in_native, id=4352, stack(0x0000003f52900000,0x0000003f52a00000)]
  0x000001bc5411c000 JavaThread "C2 CompilerThread1" daemon [_thread_in_native, id=30944, stack(0x0000003f52800000,0x0000003f52900000)]
  0x000001bc54118800 JavaThread "C2 CompilerThread0" daemon [_thread_blocked, id=27028, stack(0x0000003f52700000,0x0000003f52800000)]
  0x000001bc54117800 JavaThread "Attach Listener" daemon [_thread_blocked, id=14460, stack(0x0000003f52600000,0x0000003f52700000)]
  0x000001bc54116800 JavaThread "Signal Dispatcher" daemon [_thread_blocked, id=3236, stack(0x0000003f52500000,0x0000003f52600000)]
  0x000001bc540eb000 JavaThread "Finalizer" daemon [_thread_blocked, id=5952, stack(0x0000003f52400000,0x0000003f52500000)]
  0x000001bc540e4000 JavaThread "Reference Handler" daemon [_thread_blocked, id=4484, stack(0x0000003f52300000,0x0000003f52400000)]
  0x000001bc393b9000 JavaThread "main" [_thread_blocked, id=13652, stack(0x0000003f51700000,0x0000003f51800000)]

Other Threads:
  0x000001bc540bc000 VMThread [stack: 0x0000003f52200000,0x0000003f52300000] [id=22076]
  0x000001bc5662a000 WatcherThread [stack: 0x0000003f52c00000,0x0000003f52d00000] [id=14980]

VM state:not at safepoint (normal execution)

VM Mutex/Monitor currently owned by a thread: None

heap address: 0x00000006c0000000, size: 4096 MB, Compressed Oops mode: Zero based, Oop shift amount: 3
Narrow klass base: 0x0000000000000000, Narrow klass shift: 3
Compressed class space size: 1073741824 Address: 0x00000007c0000000

Heap:
 PSYoungGen      total 190464K, used 32851K [0x000000076ab00000, 0x0000000777f80000, 0x00000007c0000000)
  eden space 163328K, 11% used [0x000000076ab00000,0x000000076bd80ba8,0x0000000774a80000)
  from space 27136K, 51% used [0x0000000774a80000,0x00000007758140a0,0x0000000776500000)
  to   space 27136K, 0% used [0x0000000776500000,0x0000000776500000,0x0000000777f80000)
 ParOldGen       total 435712K, used 16K [0x00000006c0000000, 0x00000006da980000, 0x000000076ab00000)
  object space 435712K, 0% used [0x00000006c0000000,0x00000006c0004000,0x00000006da980000)
 Metaspace       used 15768K, capacity 16242K, committed 16512K, reserved 1064960K
  class space    used 2231K, capacity 2365K, committed 2432K, reserved 1048576K

Card table byte_map: [0x000001bc4a1e0000,0x000001bc4a9f0000] byte_map_base: 0x000001bc46be0000

Marking Bits: (ParMarkBitMap*) 0x00007ffff953f200
 Begin Bits: [0x000001bc4af50000, 0x000001bc4ef50000)
 End Bits:   [0x000001bc4ef50000, 0x000001bc52f50000)

Polling page: 0x000001bc39360000

CodeCache: size=245760Kb used=5763Kb max_used=5763Kb free=239996Kb
 bounds [0x000001bc3ae20000, 0x000001bc3b3d0000, 0x000001bc49e20000]
 total_blobs=2008 nmethods=1595 adapters=325
 compilation: enabled

Compilation events (10 events):
Event: 1.532 Thread 0x000001bc54123000 1592       3       org.gradle.internal.file.FilePathUtil::sizeOfCommonPrefix (10 bytes)
Event: 1.532 Thread 0x000001bc54123000 nmethod 1592 0x000001bc3b3ad810 code [0x000001bc3b3ad980, 0x000001bc3b3adaf0]
Event: 1.533 Thread 0x000001bc54123000 1595       3       sun.reflect.MethodAccessorImpl::<init> (5 bytes)
Event: 1.533 Thread 0x000001bc54123000 nmethod 1595 0x000001bc3b3ad390 code [0x000001bc3b3ad500, 0x000001bc3b3ad718]
Event: 1.533 Thread 0x000001bc54123000 1594       1       java.lang.reflect.Method::getMethodAccessor (5 bytes)
Event: 1.533 Thread 0x000001bc54123000 nmethod 1594 0x000001bc3b397590 code [0x000001bc3b3976e0, 0x000001bc3b3977f8]
Event: 1.533 Thread 0x000001bc54123000 1596       1       java.io.ExpiringCache::access$000 (5 bytes)
Event: 1.533 Thread 0x000001bc54123000 nmethod 1596 0x000001bc3b3ad0d0 code [0x000001bc3b3ad220, 0x000001bc3b3ad318]
Event: 1.534 Thread 0x000001bc54123000 1597       3       sun.security.provider.ByteArrayAccess::b2iBig64 (614 bytes)
Event: 1.535 Thread 0x000001bc54123000 nmethod 1597 0x000001bc3b3c2150 code [0x000001bc3b3c2360, 0x000001bc3b3c30f0]

GC Heap History (2 events):
Event: 1.417 GC heap before
{Heap before GC invocations=1 (full 0):
 PSYoungGen      total 190464K, used 163328K [0x000000076ab00000, 0x0000000777f80000, 0x00000007c0000000)
  eden space 163328K, 100% used [0x000000076ab00000,0x0000000774a80000,0x0000000774a80000)
  from space 27136K, 0% used [0x0000000776500000,0x0000000776500000,0x0000000777f80000)
  to   space 27136K, 0% used [0x0000000774a80000,0x0000000774a80000,0x0000000776500000)
 ParOldGen       total 435712K, used 0K [0x00000006c0000000, 0x00000006da980000, 0x000000076ab00000)
  object space 435712K, 0% used [0x00000006c0000000,0x00000006c0000000,0x00000006da980000)
 Metaspace       used 14750K, capacity 15152K, committed 15360K, reserved 1062912K
  class space    used 2087K, capacity 2222K, committed 2304K, reserved 1048576K
Event: 1.426 GC heap after
Heap after GC invocations=1 (full 0):
 PSYoungGen      total 190464K, used 13904K [0x000000076ab00000, 0x0000000777f80000, 0x00000007c0000000)
  eden space 163328K, 0% used [0x000000076ab00000,0x000000076ab00000,0x0000000774a80000)
  from space 27136K, 51% used [0x0000000774a80000,0x00000007758140a0,0x0000000776500000)
  to   space 27136K, 0% used [0x0000000776500000,0x0000000776500000,0x0000000777f80000)
 ParOldGen       total 435712K, used 16K [0x00000006c0000000, 0x00000006da980000, 0x000000076ab00000)
  object space 435712K, 0% used [0x00000006c0000000,0x00000006c0004000,0x00000006da980000)
 Metaspace       used 14750K, capacity 15152K, committed 15360K, reserved 1062912K
  class space    used 2087K, capacity 2222K, committed 2304K, reserved 1048576K
}

Deoptimization events (10 events):
Event: 1.247 Thread 0x000001bc57f90800 Uncommon trap: reason=bimorphic action=maybe_recompile pc=0x000001bc3b068a18 method=java.util.HashMap.putVal(ILjava/lang/Object;Ljava/lang/Object;ZZ)Ljava/lang/Object; @ 253
Event: 1.247 Thread 0x000001bc57f90800 Uncommon trap: reason=bimorphic action=maybe_recompile pc=0x000001bc3b068a18 method=java.util.HashMap.putVal(ILjava/lang/Object;Ljava/lang/Object;ZZ)Ljava/lang/Object; @ 253
Event: 1.430 Thread 0x000001bc57f90800 Uncommon trap: reason=unstable_if action=reinterpret pc=0x000001bc3b30601c method=java.lang.ref.ReferenceQueue.poll()Ljava/lang/ref/Reference; @ 4
Event: 1.452 Thread 0x000001bc57f90800 Uncommon trap: reason=class_check action=maybe_recompile pc=0x000001bc3b1a216c method=java.util.regex.Matcher.match(II)Z @ 86
Event: 1.463 Thread 0x000001bc57f90800 Uncommon trap: reason=class_check action=maybe_recompile pc=0x000001bc3b1a216c method=java.util.regex.Matcher.match(II)Z @ 86
Event: 1.486 Thread 0x000001bc57f90800 Uncommon trap: reason=class_check action=maybe_recompile pc=0x000001bc3b1a216c method=java.util.regex.Matcher.match(II)Z @ 86
Event: 1.487 Thread 0x000001bc57f90800 Uncommon trap: reason=class_check action=maybe_recompile pc=0x000001bc3afd7ab8 method=java.util.regex.Matcher.match(II)Z @ 86
Event: 1.534 Thread 0x000001bc57f90800 Uncommon trap: reason=unstable_if action=reinterpret pc=0x000001bc3afe5214 method=java.io.WinNTFileSystem.resolve(Ljava/lang/String;Ljava/lang/String;)Ljava/lang/String; @ 19
Event: 1.534 Thread 0x000001bc57f90800 Uncommon trap: reason=unstable_if action=reinterpret pc=0x000001bc3b198f6c method=java.io.File.getName()Ljava/lang/String; @ 16
Event: 1.534 Thread 0x000001bc57f90800 Uncommon trap: reason=unstable_if action=reinterpret pc=0x000001bc3b1931e8 method=java.lang.String.substring(I)Ljava/lang/String; @ 35

Classes redefined (0 events):
No events

Internal exceptions (10 events):
Event: 0.041 Thread 0x000001bc393b9000 Exception <a 'java/lang/NoSuchMethodError': Method sun.misc.Unsafe.defineClass(Ljava/lang/String;[BII)Ljava/lang/Class; name or signature does not match> (0x000000076ab07ce8) thrown at [C:\jenkins\workspace\8-2-build-windows-x64-cygwin-sans-NAS\jdk8u421\1
Event: 0.041 Thread 0x000001bc393b9000 Exception <a 'java/lang/NoSuchMethodError': Method sun.misc.Unsafe.prefetchRead(Ljava/lang/Object;J)V name or signature does not match> (0x000000076ab07fd0) thrown at [C:\jenkins\workspace\8-2-build-windows-x64-cygwin-sans-NAS\jdk8u421\1068\hotspot\src\sh
Event: 0.115 Thread 0x000001bc393b9000 Exception <a 'java/lang/NoSuchFieldError': method resolution failed> (0x000000076aca9218) thrown at [C:\jenkins\workspace\8-2-build-windows-x64-cygwin-sans-NAS\jdk8u421\1068\hotspot\src\share\vm\prims\methodHandles.cpp, line 1188]
Event: 0.116 Thread 0x000001bc393b9000 Exception <a 'java/lang/NoSuchFieldError': method resolution failed> (0x000000076acb6a80) thrown at [C:\jenkins\workspace\8-2-build-windows-x64-cygwin-sans-NAS\jdk8u421\1068\hotspot\src\share\vm\prims\methodHandles.cpp, line 1188]
Event: 0.235 Thread 0x000001bc393b9000 Exception <a 'java/security/PrivilegedActionException'> (0x000000076b998340) thrown at [C:\jenkins\workspace\8-2-build-windows-x64-cygwin-sans-NAS\jdk8u421\1068\hotspot\src\share\vm\prims\jvm.cpp, line 1513]
Event: 0.235 Thread 0x000001bc393b9000 Exception <a 'java/security/PrivilegedActionException'> (0x000000076b998550) thrown at [C:\jenkins\workspace\8-2-build-windows-x64-cygwin-sans-NAS\jdk8u421\1068\hotspot\src\share\vm\prims\jvm.cpp, line 1513]
Event: 0.319 Thread 0x000001bc393b9000 Exception <a 'java/lang/NoClassDefFoundError': org/slf4j/impl/StaticMarkerBinder> (0x000000076bc353f0) thrown at [C:\jenkins\workspace\8-2-build-windows-x64-cygwin-sans-NAS\jdk8u421\1068\hotspot\src\share\vm\classfile\systemDictionary.cpp, line 202]
Event: 0.956 Thread 0x000001bc393b9000 Exception <a 'java/lang/NoSuchMethodError': java.lang.Object.lambda$get$0(Ljava/util/function/Supplier;Ljava/lang/Object;)Ljava/lang/Object;> (0x0000000770fe1af8) thrown at [C:\jenkins\workspace\8-2-build-windows-x64-cygwin-sans-NAS\jdk8u421\1068\hotspot\
Event: 1.215 Thread 0x000001bc393b9000 Exception <a 'java/io/IOException'> (0x000000077134ebf0) thrown at [C:\jenkins\workspace\8-2-build-windows-x64-cygwin-sans-NAS\jdk8u421\1068\hotspot\src\share\vm\prims\jni.cpp, line 710]
Event: 1.360 Thread 0x000001bc57f90800 Exception <a 'java/lang/NoSuchMethodError': java.lang.Object.lambda$static$0(Lorg/gradle/internal/state/ModelObject;)Ljava/lang/String;> (0x0000000773991660) thrown at [C:\jenkins\workspace\8-2-build-windows-x64-cygwin-sans-NAS\jdk8u421\1068\hotspot\src\s

Events (10 events):
Event: 1.536 loading class com/google/common/io/Closer$Suppressor
Event: 1.536 loading class com/google/common/io/Closer$Suppressor done
Event: 1.536 loading class com/google/common/io/Closer$SuppressingSuppressor
Event: 1.536 loading class com/google/common/io/Closer$SuppressingSuppressor done
Event: 1.536 loading class java/io/PrintWriter
Event: 1.536 Executing VM operation: CollectForMetadataAllocation
Event: 1.536 Executing VM operation: CollectForMetadataAllocation done
Event: 1.536 loading class java/io/PrintWriter done
Event: 1.537 loading class com/google/common/hash/PrimitiveSink
Event: 1.537 loading class com/google/common/hash/PrimitiveSink done


Dynamic libraries:
0x00007ff67a210000 - 0x00007ff67a25f000 	C:\Program Files\Java\jdk-1.8\bin\java.exe
0x00007ff8381f0000 - 0x00007ff8383e8000 	C:\Windows\SYSTEM32\ntdll.dll
0x00007ff837e60000 - 0x00007ff837f22000 	C:\Windows\System32\KERNEL32.DLL
0x00007ff835c50000 - 0x00007ff835f46000 	C:\Windows\System32\KERNELBASE.dll
0x00007ff836a50000 - 0x00007ff836b01000 	C:\Windows\System32\ADVAPI32.dll
0x00007ff836280000 - 0x00007ff83631e000 	C:\Windows\System32\msvcrt.dll
0x00007ff837d10000 - 0x00007ff837daf000 	C:\Windows\System32\sechost.dll
0x00007ff8367b0000 - 0x00007ff8368d3000 	C:\Windows\System32\RPCRT4.dll
0x00007ff835f50000 - 0x00007ff835f77000 	C:\Windows\System32\bcrypt.dll
0x00007ff837280000 - 0x00007ff83741d000 	C:\Windows\System32\USER32.dll
0x00007ff835a90000 - 0x00007ff835ab2000 	C:\Windows\System32\win32u.dll
0x00007ff8378a0000 - 0x00007ff8378cb000 	C:\Windows\System32\GDI32.dll
0x00007ff8360e0000 - 0x00007ff8361fa000 	C:\Windows\System32\gdi32full.dll
0x00007ff8359f0000 - 0x00007ff835a8d000 	C:\Windows\System32\msvcp_win.dll
0x00007ff835870000 - 0x00007ff835970000 	C:\Windows\System32\ucrtbase.dll
0x00007ff8231f0000 - 0x00007ff82348a000 	C:\Windows\WinSxS\amd64_microsoft.windows.common-controls_6595b64144ccf1df_6.0.19041.4355_none_60b8b9eb71f62e16\COMCTL32.dll
0x00007ff837c60000 - 0x00007ff837c8f000 	C:\Windows\System32\IMM32.DLL
0x00007ff82b3b0000 - 0x00007ff82b3cb000 	C:\Program Files\Java\jdk-1.8\jre\bin\vcruntime140.dll
0x00007ff82ed60000 - 0x00007ff82ed6c000 	C:\Program Files\Java\jdk-1.8\jre\bin\vcruntime140_1.dll
0x00007ff814640000 - 0x00007ff8146ce000 	C:\Program Files\Java\jdk-1.8\jre\bin\msvcp140.dll
0x00007ffff8d10000 - 0x00007ffff95b9000 	C:\Program Files\Java\jdk-1.8\jre\bin\server\jvm.dll
0x00007ff8368e0000 - 0x00007ff8368e8000 	C:\Windows\System32\PSAPI.DLL
0x00007ff82b700000 - 0x00007ff82b70a000 	C:\Windows\SYSTEM32\VERSION.dll
0x00007ff826f00000 - 0x00007ff826f27000 	C:\Windows\SYSTEM32\WINMM.dll
0x00007ff824430000 - 0x00007ff824439000 	C:\Windows\SYSTEM32\WSOCK32.dll
0x00007ff8369e0000 - 0x00007ff836a4b000 	C:\Windows\System32\WS2_32.dll
0x00007ff8340b0000 - 0x00007ff8340c2000 	C:\Windows\SYSTEM32\kernel.appcore.dll
0x00007ff82e9a0000 - 0x00007ff82e9b0000 	C:\Program Files\Java\jdk-1.8\jre\bin\verify.dll
0x00007ff8242e0000 - 0x00007ff82430b000 	C:\Program Files\Java\jdk-1.8\jre\bin\java.dll
0x00007ff828370000 - 0x00007ff828388000 	C:\Program Files\Java\jdk-1.8\jre\bin\zip.dll
0x00007ff836b10000 - 0x00007ff83727f000 	C:\Windows\System32\SHELL32.dll
0x00007ff8337b0000 - 0x00007ff833f53000 	C:\Windows\SYSTEM32\windows.storage.dll
0x00007ff836320000 - 0x00007ff836675000 	C:\Windows\System32\combase.dll
0x00007ff8351d0000 - 0x00007ff8351fb000 	C:\Windows\SYSTEM32\Wldp.dll
0x00007ff8380e0000 - 0x00007ff8381ad000 	C:\Windows\System32\OLEAUT32.dll
0x00007ff837db0000 - 0x00007ff837e5d000 	C:\Windows\System32\SHCORE.dll
0x00007ff8379a0000 - 0x00007ff8379f5000 	C:\Windows\System32\shlwapi.dll
0x00007ff8357a0000 - 0x00007ff8357c5000 	C:\Windows\SYSTEM32\profapi.dll
0x00007ff828230000 - 0x00007ff82824c000 	C:\Program Files\Java\jdk-1.8\jre\bin\net.dll
0x00007ff834f30000 - 0x00007ff834f9c000 	C:\Windows\system32\mswsock.dll
0x00007ff824490000 - 0x00007ff8244a3000 	C:\Program Files\Java\jdk-1.8\jre\bin\nio.dll
0x00007ff82a340000 - 0x00007ff82a367000 	C:\Users\aaron\.gradle\native\e1d6ef7f7dcc3fd88c89a11ec53ec762bb8ba0a96d01ffa2cd45eb1d1d8dd5c5\windows-amd64\native-platform.dll
0x00007ff80c0d0000 - 0x00007ff80c214000 	C:\Users\aaron\.gradle\native\0d407fdbe67a94daf76414ababcb853783967236a71b16ec16e742cd7a986fd3\windows-amd64\native-platform-file-events.dll
0x00007ff82b540000 - 0x00007ff82b54d000 	C:\Program Files\Java\jdk-1.8\jre\bin\management.dll
0x00007ff835130000 - 0x00007ff835148000 	C:\Windows\SYSTEM32\CRYPTSP.dll
0x00007ff834850000 - 0x00007ff834888000 	C:\Windows\system32\rsaenh.dll
0x00007ff835760000 - 0x00007ff83578e000 	C:\Windows\SYSTEM32\USERENV.dll
0x00007ff835ac0000 - 0x00007ff835b42000 	C:\Windows\System32\bcryptprimitives.dll
0x00007ff835120000 - 0x00007ff83512c000 	C:\Windows\SYSTEM32\CRYPTBASE.dll
0x00007ff834c10000 - 0x00007ff834c4b000 	C:\Windows\SYSTEM32\IPHLPAPI.DLL
0x00007ff8378e0000 - 0x00007ff8378e8000 	C:\Windows\System32\NSI.dll
0x00007ff82dde0000 - 0x00007ff82ddf7000 	C:\Windows\SYSTEM32\dhcpcsvc6.DLL
0x00007ff82ebc0000 - 0x00007ff82ebdd000 	C:\Windows\SYSTEM32\dhcpcsvc.DLL
0x00007ff834c50000 - 0x00007ff834d1a000 	C:\Windows\SYSTEM32\DNSAPI.dll
0x00007ff833590000 - 0x00007ff833774000 	C:\Windows\SYSTEM32\dbghelp.dll

VM Arguments:
jvm_args: -Xmx4G -Dfile.encoding=windows-1252 -Duser.country=US -Duser.language=en -Duser.variant 
java_command: org.gradle.launcher.daemon.bootstrap.GradleDaemon 7.4
java_class_path (initial): C:\Users\aaron\.gradle\wrapper\dists\gradle-7.4-bin\c0gwcg53nkjbqw7r0h0umtfvt\gradle-7.4\lib\gradle-launcher-7.4.jar
Launcher Type: SUN_STANDARD

Environment Variables:
JAVA_HOME=C:\Program Files\Java\jdk-1.8
PATH=C:\Program Files (x86)\Razer Chroma SDK\bin;C:\Program Files\Razer Chroma SDK\bin;C:\Program Files\Java\jdk-1.8\bin;C:\Program Files\Common Files\Oracle\Java\javapath;C:\Program Files (x86)\Common Files\Oracle\Java\java8path;C:\Program Files (x86)\Common Files\Oracle\Java\javapath;C:\Windows\system32;C:\Windows;C:\Windows\System32\Wbem;C:\Windows\System32\WindowsPowerShell\v1.0\;C:\Windows\System32\OpenSSH\;C:\Program Files\Git\cmd;C:\Windows\system32\config\systemprofile\AppData\Local\Microsoft\WindowsApps;C:\Program Files (x86)\Razer\ChromaBroadcast\bin;C:\Program Files\Razer\ChromaBroadcast\bin;C:\Users\aaron\AppData\Local\Microsoft\WindowsApps;C:\ProgramData\aaron\GitHubDesktop\bin;C:\Program Files (x86)\Razer Chroma SDK\bin;C:\Program Files\Razer Chroma SDK\bin;C:\Program Files\Java\jdk-1.8\bin;C:\Program Files\Common Files\Oracle\Java\javapath;C:\Program Files (x86)\Common Files\Oracle\Java\java8path;C:\Program Files (x86)\Common Files\Oracle\Java\javapath;C:\Windows\system32;C:\Windows;C:\Windows\System32\Wbem;C:\Windows\System32\WindowsPowerShell\v1.0\;C:\Windows\System32\OpenSSH\;C:\Program Files\Git\cmd;C:\Windows\system32\config\systemprofile\AppData\Local\Microsoft\WindowsApps;C:\Program Files (x86)\Razer\ChromaBroadcast\bin;C:\Program Files\Razer\ChromaBroadcast\bin;C:\Users\aaron\AppData\Local\Microsoft\WindowsApps;C:\ProgramData\aaron\GitHubDesktop\bin;C:\Users\aaron\AppData\Local\Microsoft\WindowsApps;C:\ProgramData\aaron\GitHubDesktop\bin;C:\Python34\Scripts
USERNAME=aaron
OS=Windows_NT
PROCESSOR_IDENTIFIER=Intel64 Family 6 Model 165 Stepping 3, GenuineIntel



---------------  S Y S T E M  ---------------

OS: Windows 10 , 64 bit Build 19041 (10.0.19041.5678)

CPU:total 12 (initial active 12) (6 cores per cpu, 2 threads per core) family 6 model 165 stepping 3, cmov, cx8, fxsr, mmx, sse, sse2, sse3, ssse3, sse4.1, sse4.2, popcnt, avx, avx2, aes, clmul, erms, 3dnowpref, lzcnt, ht, tsc, tscinvbit, bmi1, bmi2, adx

Memory: 4k page, physical 41785516k(11005200k free), swap 41834668k(5696k free)

vm_info: Java HotSpot(TM) 64-Bit Server VM (25.421-b09) for windows-amd64 JRE (1.8.0_421-b09), built on Jun  5 2024 13:01:06 by "java_re" with MS VC++ 17.6 (VS2022)

time: Sat Apr  5 19:27:36 2025
timezone: Pacific Daylight Time
elapsed time: 1.581397 seconds (0d 0h 0m 1s)

