#
# There is insufficient memory for the Java Runtime Environment to continue.
# Native memory allocation (malloc) failed to allocate 162528 bytes for Chunk::new
# Possible reasons:
#   The system is out of physical RAM or swap space
#   The process is running with CompressedOops enabled, and the Java Heap may be blocking the growth of the native heap
# Possible solutions:
#   Reduce memory load on the system
#   Increase physical memory or swap space
#   Check if swap backing store is full
#   Decrease Java heap size (-Xmx/-Xms)
#   Decrease number of Java threads
#   Decrease Java thread stack sizes (-Xss)
#   Set larger code cache with -XX:ReservedCodeCacheSize=
#   JVM is running with Zero Based Compressed Oops mode in which the Java heap is
#     placed in the first 32GB address space. The Java Heap base address is the
#     maximum limit for the native heap growth. Please use -XX:HeapBaseMinAddress
#     to set the Java Heap base and to place the Java Heap above 32GB virtual address.
# This output file may be truncated or incomplete.
#
#  Out of Memory Error (allocation.cpp:389), pid=16076, tid=0x00000000000069fc
#
# JRE version: Java(TM) SE Runtime Environment (8.0_421) (build 1.8.0_421-b09)
# Java VM: Java HotSpot(TM) 64-Bit Server VM (25.421-b09 mixed mode windows-amd64 compressed oops)
# Failed to write core dump. Minidumps are not enabled by default on client versions of Windows
#

---------------  T H R E A D  ---------------

Current thread (0x0000022f87e96800):  JavaThread "C2 CompilerThread0" daemon [_thread_in_native, id=27132, stack(0x0000007512d00000,0x0000007512e00000)]

Stack: [0x0000007512d00000,0x0000007512e00000]
Native frames: (J=compiled Java code, j=interpreted, Vv=VM code, C=native code)
V  [jvm.dll+0x34bb09]


Current CompileTask:
C2:   1614 1644       4       java.io.DataOutputStream::writeShort (35 bytes)


---------------  P R O C E S S  ---------------

Java Threads: ( => current thread )
  0x0000022f8be47800 JavaThread "Cache worker for file hash cache (C:\Users\aaron\.gradle\caches\7.4\fileHashes)" [_thread_blocked, id=12976, stack(0x0000007513f00000,0x0000007514000000)]
  0x0000022f8be43800 JavaThread "File lock request listener" [_thread_in_native, id=12388, stack(0x0000007513e00000,0x0000007513f00000)]
  0x0000022f8be43000 JavaThread "Cache worker for journal cache (C:\Users\aaron\.gradle\caches\journal-1)" [_thread_blocked, id=20848, stack(0x0000007513d00000,0x0000007513e00000)]
  0x0000022f8be49800 JavaThread "Daemon client event forwarder" [_thread_blocked, id=27380, stack(0x0000007513c00000,0x0000007513d00000)]
  0x0000022f8be49000 JavaThread "Stdin handler" [_thread_blocked, id=19780, stack(0x0000007513b00000,0x0000007513c00000)]
  0x0000022f8a35a000 JavaThread "Asynchronous log dispatcher for DefaultDaemonConnection: socket connection from /127.0.0.1:59172 to /127.0.0.1:59173" [_thread_blocked, id=14680, stack(0x0000007513a00000,0x0000007513b00000)]
  0x0000022f8a359000 JavaThread "Daemon worker" [_thread_in_Java, id=14520, stack(0x0000007513900000,0x0000007513a00000)]
  0x0000022f8a358800 JavaThread "Cancel handler" [_thread_blocked, id=21208, stack(0x0000007513800000,0x0000007513900000)]
  0x0000022f8a35f000 JavaThread "Handler for socket connection from /127.0.0.1:59172 to /127.0.0.1:59173" [_thread_in_native, id=21148, stack(0x0000007513700000,0x0000007513800000)]
  0x0000022f8a35c000 JavaThread "Daemon" [_thread_blocked, id=28348, stack(0x0000007513600000,0x0000007513700000)]
  0x0000022f8a35e800 JavaThread "Daemon periodic checks" [_thread_blocked, id=21300, stack(0x0000007513500000,0x0000007513600000)]
  0x0000022f8a35a800 JavaThread "Incoming local TCP Connector on port 59172" [_thread_in_native, id=1520, stack(0x0000007513400000,0x0000007513500000)]
  0x0000022f8a35d800 JavaThread "Daemon health stats" [_thread_blocked, id=17088, stack(0x0000007513300000,0x0000007513400000)]
  0x0000022f8a35d000 JavaThread "Service Thread" daemon [_thread_blocked, id=23072, stack(0x0000007513100000,0x0000007513200000)]
  0x0000022f87ea3000 JavaThread "C1 CompilerThread3" daemon [_thread_blocked, id=22696, stack(0x0000007513000000,0x0000007513100000)]
  0x0000022f87e9c000 JavaThread "C2 CompilerThread2" daemon [_thread_in_native, id=23860, stack(0x0000007512f00000,0x0000007513000000)]
  0x0000022f87e98800 JavaThread "C2 CompilerThread1" daemon [_thread_in_native, id=7828, stack(0x0000007512e00000,0x0000007512f00000)]
=>0x0000022f87e96800 JavaThread "C2 CompilerThread0" daemon [_thread_in_native, id=27132, stack(0x0000007512d00000,0x0000007512e00000)]
  0x0000022f87e95800 JavaThread "Attach Listener" daemon [_thread_blocked, id=19088, stack(0x0000007512c00000,0x0000007512d00000)]
  0x0000022f87e93800 JavaThread "Signal Dispatcher" daemon [_thread_blocked, id=20552, stack(0x0000007512b00000,0x0000007512c00000)]
  0x0000022f87e68000 JavaThread "Finalizer" daemon [_thread_blocked, id=26904, stack(0x0000007512a00000,0x0000007512b00000)]
  0x0000022f87e61000 JavaThread "Reference Handler" daemon [_thread_blocked, id=264, stack(0x0000007512900000,0x0000007512a00000)]
  0x0000022fef4f5000 JavaThread "main" [_thread_blocked, id=20588, stack(0x0000007511d00000,0x0000007511e00000)]

Other Threads:
  0x0000022f87e39000 VMThread [stack: 0x0000007512800000,0x0000007512900000] [id=13828]
  0x0000022f87ecd000 WatcherThread [stack: 0x0000007513200000,0x0000007513300000] [id=7332]

VM state:not at safepoint (normal execution)

VM Mutex/Monitor currently owned by a thread: None

heap address: 0x0000000700000000, size: 3072 MB, Compressed Oops mode: Zero based, Oop shift amount: 3
Narrow klass base: 0x0000000000000000, Narrow klass shift: 3
Compressed class space size: 1073741824 Address: 0x00000007c0000000

Heap:
 PSYoungGen      total 190464K, used 45124K [0x0000000780000000, 0x000000078d480000, 0x00000007c0000000)
  eden space 163328K, 19% used [0x0000000780000000,0x0000000781e6f220,0x0000000789f80000)
  from space 27136K, 51% used [0x0000000789f80000,0x000000078ad21ff0,0x000000078ba00000)
  to   space 27136K, 0% used [0x000000078ba00000,0x000000078ba00000,0x000000078d480000)
 ParOldGen       total 435712K, used 16K [0x0000000700000000, 0x000000071a980000, 0x0000000780000000)
  object space 435712K, 0% used [0x0000000700000000,0x0000000700004000,0x000000071a980000)
 Metaspace       used 17086K, capacity 17666K, committed 17792K, reserved 1064960K
  class space    used 2451K, capacity 2625K, committed 2688K, reserved 1048576K

Card table byte_map: [0x0000022f803c0000,0x0000022f809d0000] byte_map_base: 0x0000022f7cbc0000

Marking Bits: (ParMarkBitMap*) 0x00007ffaf904f200
 Begin Bits: [0x0000022f80dd0000, 0x0000022f83dd0000)
 End Bits:   [0x0000022f83dd0000, 0x0000022f86dd0000)

Polling page: 0x0000022fef730000

CodeCache: size=245760Kb used=5896Kb max_used=5896Kb free=239863Kb
 bounds [0x0000022ff0f70000, 0x0000022ff1540000, 0x0000022ffff70000]
 total_blobs=2070 nmethods=1647 adapters=335
 compilation: enabled

Compilation events (10 events):
Event: 1.603 Thread 0x0000022f87ea3000 1647       3       sun.reflect.ConstructorAccessorImpl::<init> (5 bytes)
Event: 1.603 Thread 0x0000022f87ea3000 nmethod 1647 0x0000022ff152dd50 code [0x0000022ff152dec0, 0x0000022ff152e0d8]
Event: 1.603 Thread 0x0000022f87ea3000 1646       1       java.lang.reflect.Constructor::getConstructorAccessor (5 bytes)
Event: 1.603 Thread 0x0000022f87ea3000 nmethod 1646 0x0000022ff152e1d0 code [0x0000022ff152e320, 0x0000022ff152e438]
Event: 1.605 Thread 0x0000022f87e96800 nmethod 1642 0x0000022ff1531410 code [0x0000022ff1531560, 0x0000022ff15318d8]
Event: 1.605 Thread 0x0000022f87e96800 1644       4       java.io.DataOutputStream::writeShort (35 bytes)
Event: 1.608 Thread 0x0000022f87ea3000 1649   !   3       org.gradle.internal.classloader.TransformingClassLoader::findClass (203 bytes)
Event: 1.610 Thread 0x0000022f87ea3000 nmethod 1649 0x0000022ff1531b90 code [0x0000022ff1532040, 0x0000022ff1534e00]
Event: 1.610 Thread 0x0000022f87ea3000 1650       3       org.gradle.initialization.MixInLegacyTypesClassLoader::shouldTransform (42 bytes)
Event: 1.611 Thread 0x0000022f87ea3000 nmethod 1650 0x0000022ff1530a50 code [0x0000022ff1530be0, 0x0000022ff1531040]

GC Heap History (2 events):
Event: 1.455 GC heap before
{Heap before GC invocations=1 (full 0):
 PSYoungGen      total 190464K, used 163328K [0x0000000780000000, 0x000000078d480000, 0x00000007c0000000)
  eden space 163328K, 100% used [0x0000000780000000,0x0000000789f80000,0x0000000789f80000)
  from space 27136K, 0% used [0x000000078ba00000,0x000000078ba00000,0x000000078d480000)
  to   space 27136K, 0% used [0x0000000789f80000,0x0000000789f80000,0x000000078ba00000)
 ParOldGen       total 435712K, used 0K [0x0000000700000000, 0x000000071a980000, 0x0000000780000000)
  object space 435712K, 0% used [0x0000000700000000,0x0000000700000000,0x000000071a980000)
 Metaspace       used 14761K, capacity 15152K, committed 15360K, reserved 1062912K
  class space    used 2090K, capacity 2222K, committed 2304K, reserved 1048576K
Event: 1.464 GC heap after
Heap after GC invocations=1 (full 0):
 PSYoungGen      total 190464K, used 13959K [0x0000000780000000, 0x000000078d480000, 0x00000007c0000000)
  eden space 163328K, 0% used [0x0000000780000000,0x0000000780000000,0x0000000789f80000)
  from space 27136K, 51% used [0x0000000789f80000,0x000000078ad21ff0,0x000000078ba00000)
  to   space 27136K, 0% used [0x000000078ba00000,0x000000078ba00000,0x000000078d480000)
 ParOldGen       total 435712K, used 16K [0x0000000700000000, 0x000000071a980000, 0x0000000780000000)
  object space 435712K, 0% used [0x0000000700000000,0x0000000700004000,0x000000071a980000)
 Metaspace       used 14761K, capacity 15152K, committed 15360K, reserved 1062912K
  class space    used 2090K, capacity 2222K, committed 2304K, reserved 1048576K
}

Deoptimization events (10 events):
Event: 1.090 Thread 0x0000022fef4f5000 Uncommon trap: reason=unstable_if action=reinterpret pc=0x0000022ff1318888 method=java.io.WinNTFileSystem.normalize(Ljava/lang/String;II)Ljava/lang/String; @ 90
Event: 1.447 Thread 0x0000022f8a359000 Uncommon trap: reason=unstable_if action=reinterpret pc=0x0000022ff1297c50 method=java.io.File.equals(Ljava/lang/Object;)Z @ 1
Event: 1.447 Thread 0x0000022f8a359000 Uncommon trap: reason=unstable_if action=reinterpret pc=0x0000022ff1143658 method=java.io.WinNTFileSystem.resolve(Ljava/lang/String;Ljava/lang/String;)Ljava/lang/String; @ 117
Event: 1.467 Thread 0x0000022f87e68000 Uncommon trap: reason=unstable_if action=reinterpret pc=0x0000022ff145f35c method=java.lang.ref.ReferenceQueue.poll()Ljava/lang/ref/Reference; @ 4
Event: 1.485 Thread 0x0000022f8a359000 Uncommon trap: reason=class_check action=maybe_recompile pc=0x0000022ff12e74ac method=java.util.regex.Matcher.match(II)Z @ 86
Event: 1.493 Thread 0x0000022f8a359000 Uncommon trap: reason=class_check action=maybe_recompile pc=0x0000022ff12e74ac method=java.util.regex.Matcher.match(II)Z @ 86
Event: 1.509 Thread 0x0000022f8a359000 Uncommon trap: reason=class_check action=maybe_recompile pc=0x0000022ff12e74ac method=java.util.regex.Matcher.match(II)Z @ 86
Event: 1.510 Thread 0x0000022f8a359000 Uncommon trap: reason=class_check action=maybe_recompile pc=0x0000022ff1127bf8 method=java.util.regex.Matcher.match(II)Z @ 86
Event: 1.537 Thread 0x0000022f8a359000 Uncommon trap: reason=unstable_if action=reinterpret pc=0x0000022ff12de2ac method=java.io.File.getName()Ljava/lang/String; @ 16
Event: 1.537 Thread 0x0000022f8a359000 Uncommon trap: reason=unstable_if action=reinterpret pc=0x0000022ff12d8868 method=java.lang.String.substring(I)Ljava/lang/String; @ 35

Classes redefined (0 events):
No events

Internal exceptions (10 events):
Event: 0.234 Thread 0x0000022fef4f5000 Exception <a 'java/security/PrivilegedActionException'> (0x0000000780e96cd8) thrown at [C:\jenkins\workspace\8-2-build-windows-x64-cygwin-sans-NAS\jdk8u421\1068\hotspot\src\share\vm\prims\jvm.cpp, line 1513]
Event: 0.312 Thread 0x0000022fef4f5000 Exception <a 'java/lang/NoClassDefFoundError': org/slf4j/impl/StaticMarkerBinder> (0x0000000781133b70) thrown at [C:\jenkins\workspace\8-2-build-windows-x64-cygwin-sans-NAS\jdk8u421\1068\hotspot\src\share\vm\classfile\systemDictionary.cpp, line 202]
Event: 0.987 Thread 0x0000022fef4f5000 Exception <a 'java/lang/NoSuchMethodError': java.lang.Object.lambda$get$0(Ljava/util/function/Supplier;Ljava/lang/Object;)Ljava/lang/Object;> (0x00000007864e1d10) thrown at [C:\jenkins\workspace\8-2-build-windows-x64-cygwin-sans-NAS\jdk8u421\1068\hotspot\
Event: 1.256 Thread 0x0000022fef4f5000 Exception <a 'java/io/IOException'> (0x00000007868206e0) thrown at [C:\jenkins\workspace\8-2-build-windows-x64-cygwin-sans-NAS\jdk8u421\1068\hotspot\src\share\vm\prims\jni.cpp, line 710]
Event: 1.399 Thread 0x0000022f8a359000 Exception <a 'java/lang/NoSuchMethodError': java.lang.Object.lambda$static$0(Lorg/gradle/internal/state/ModelObject;)Ljava/lang/String;> (0x0000000788e93ac8) thrown at [C:\jenkins\workspace\8-2-build-windows-x64-cygwin-sans-NAS\jdk8u421\1068\hotspot\src\s
Event: 1.447 Thread 0x0000022f8a359000 Implicit null exception at 0x0000022ff12976cf to 0x0000022ff1297c3d
Event: 1.563 Thread 0x0000022f8a359000 Exception <a 'java/lang/NoSuchMethodError': java.lang.Object.lambda$and$0(Ljava/util/function/Predicate;Ljava/lang/Object;)Z> (0x00000007813010f8) thrown at [C:\jenkins\workspace\8-2-build-windows-x64-cygwin-sans-NAS\jdk8u421\1068\hotspot\src\share\vm\int
Event: 1.565 Thread 0x0000022f8a359000 Exception <a 'java/lang/IncompatibleClassChangeError': Found class java.lang.Object, but interface was expected> (0x00000007813119c0) thrown at [C:\jenkins\workspace\8-2-build-windows-x64-cygwin-sans-NAS\jdk8u421\1068\hotspot\src\share\vm\interpreter\link
Event: 1.566 Thread 0x0000022f8a359000 Exception <a 'java/lang/NoSuchMethodError': java.lang.Object.lambda$or$2(Ljava/util/function/Predicate;Ljava/lang/Object;)Z> (0x0000000781316770) thrown at [C:\jenkins\workspace\8-2-build-windows-x64-cygwin-sans-NAS\jdk8u421\1068\hotspot\src\share\vm\inte
Event: 1.597 Thread 0x0000022f8a359000 Exception <a 'java/lang/NoSuchMethodError': java.lang.Object.lambda$comparing$77a9974f$1(Ljava/util/function/Function;Ljava/lang/Object;Ljava/lang/Object;)I> (0x00000007819f2e08) thrown at [C:\jenkins\workspace\8-2-build-windows-x64-cygwin-sans-NAS\jdk8u4

Events (10 events):
Event: 1.611 loading class org/gradle/internal/build/BuildModelControllerServices$Supplier done
Event: 1.611 loading class org/gradle/internal/service/scopes/BuildScopeServices
Event: 1.611 loading class org/gradle/internal/service/scopes/BuildScopeServices done
Event: 1.612 loading class org/gradle/internal/build/BuildWorkPreparer
Event: 1.612 loading class org/gradle/internal/build/BuildWorkPreparer done
Event: 1.612 loading class org/gradle/internal/operations/logging/BuildOperationLoggerFactory
Event: 1.612 loading class org/gradle/internal/operations/logging/BuildOperationLoggerFactory done
Event: 1.612 loading class org/gradle/groovy/scripts/internal/ScriptCompilationHandler
Event: 1.612 loading class org/gradle/groovy/scripts/internal/ScriptCompilationHandler done
Event: 1.612 loading class org/gradle/internal/authentication/AuthenticationSchemeRegistry


Dynamic libraries:
0x00007ff789050000 - 0x00007ff78909f000 	C:\Program Files\Java\jdk-1.8\bin\java.exe
0x00007ffb9c7b0000 - 0x00007ffb9c9a8000 	C:\Windows\SYSTEM32\ntdll.dll
0x00007ffb9b280000 - 0x00007ffb9b342000 	C:\Windows\System32\KERNEL32.DLL
0x00007ffb9a070000 - 0x00007ffb9a36f000 	C:\Windows\System32\KERNELBASE.dll
0x00007ffb9a9b0000 - 0x00007ffb9aa5f000 	C:\Windows\System32\ADVAPI32.dll
0x00007ffb9bb40000 - 0x00007ffb9bbde000 	C:\Windows\System32\msvcrt.dll
0x00007ffb9b600000 - 0x00007ffb9b69f000 	C:\Windows\System32\sechost.dll
0x00007ffb9c540000 - 0x00007ffb9c663000 	C:\Windows\System32\RPCRT4.dll
0x00007ffb99ef0000 - 0x00007ffb99f17000 	C:\Windows\System32\bcrypt.dll
0x00007ffb9b6b0000 - 0x00007ffb9b84d000 	C:\Windows\System32\USER32.dll
0x00007ffb9a680000 - 0x00007ffb9a6a2000 	C:\Windows\System32\win32u.dll
0x00007ffb9a7d0000 - 0x00007ffb9a7fb000 	C:\Windows\System32\GDI32.dll
0x00007ffb9a6b0000 - 0x00007ffb9a7ca000 	C:\Windows\System32\gdi32full.dll
0x00007ffb99e50000 - 0x00007ffb99eed000 	C:\Windows\System32\msvcp_win.dll
0x00007ffb99f70000 - 0x00007ffb9a070000 	C:\Windows\System32\ucrtbase.dll
0x00007ffb899b0000 - 0x00007ffb89c4a000 	C:\Windows\WinSxS\amd64_microsoft.windows.common-controls_6595b64144ccf1df_6.0.19041.4355_none_60b8b9eb71f62e16\COMCTL32.dll
0x00007ffb9c680000 - 0x00007ffb9c6af000 	C:\Windows\System32\IMM32.DLL
0x00007ffb7b4b0000 - 0x00007ffb7b4cb000 	C:\Program Files\Java\jdk-1.8\jre\bin\vcruntime140.dll
0x00007ffb951f0000 - 0x00007ffb951fc000 	C:\Program Files\Java\jdk-1.8\jre\bin\vcruntime140_1.dll
0x00007ffb69ef0000 - 0x00007ffb69f7e000 	C:\Program Files\Java\jdk-1.8\jre\bin\msvcp140.dll
0x00007ffaf8820000 - 0x00007ffaf90c9000 	C:\Program Files\Java\jdk-1.8\jre\bin\server\jvm.dll
0x00007ffb9c760000 - 0x00007ffb9c768000 	C:\Windows\System32\PSAPI.DLL
0x00007ffb8e3c0000 - 0x00007ffb8e3ca000 	C:\Windows\SYSTEM32\VERSION.dll
0x00007ffb8e390000 - 0x00007ffb8e3b7000 	C:\Windows\SYSTEM32\WINMM.dll
0x00007ffb93660000 - 0x00007ffb93669000 	C:\Windows\SYSTEM32\WSOCK32.dll
0x00007ffb9bab0000 - 0x00007ffb9bb1b000 	C:\Windows\System32\WS2_32.dll
0x00007ffb98690000 - 0x00007ffb986a2000 	C:\Windows\SYSTEM32\kernel.appcore.dll
0x00007ffb93780000 - 0x00007ffb93790000 	C:\Program Files\Java\jdk-1.8\jre\bin\verify.dll
0x00007ffb79c10000 - 0x00007ffb79c3b000 	C:\Program Files\Java\jdk-1.8\jre\bin\java.dll
0x00007ffb7b490000 - 0x00007ffb7b4a8000 	C:\Program Files\Java\jdk-1.8\jre\bin\zip.dll
0x00007ffb9ab10000 - 0x00007ffb9b27d000 	C:\Windows\System32\SHELL32.dll
0x00007ffb97ed0000 - 0x00007ffb98674000 	C:\Windows\SYSTEM32\windows.storage.dll
0x00007ffb9bd00000 - 0x00007ffb9c055000 	C:\Windows\System32\combase.dll
0x00007ffb997b0000 - 0x00007ffb997db000 	C:\Windows\SYSTEM32\Wldp.dll
0x00007ffb9b8b0000 - 0x00007ffb9b97d000 	C:\Windows\System32\OLEAUT32.dll
0x00007ffb9c6b0000 - 0x00007ffb9c75d000 	C:\Windows\System32\SHCORE.dll
0x00007ffb9b5a0000 - 0x00007ffb9b5f5000 	C:\Windows\System32\shlwapi.dll
0x00007ffb99d80000 - 0x00007ffb99da5000 	C:\Windows\SYSTEM32\profapi.dll
0x00007ffb79eb0000 - 0x00007ffb79ecc000 	C:\Program Files\Java\jdk-1.8\jre\bin\net.dll
0x00007ffb99510000 - 0x00007ffb9957c000 	C:\Windows\system32\mswsock.dll
0x00007ffb799e0000 - 0x00007ffb799f3000 	C:\Program Files\Java\jdk-1.8\jre\bin\nio.dll
0x00007ffb7b550000 - 0x00007ffb7b577000 	C:\Users\aaron\.gradle\native\e1d6ef7f7dcc3fd88c89a11ec53ec762bb8ba0a96d01ffa2cd45eb1d1d8dd5c5\windows-amd64\native-platform.dll
0x00007ffb4a120000 - 0x00007ffb4a264000 	C:\Users\aaron\.gradle\native\0d407fdbe67a94daf76414ababcb853783967236a71b16ec16e742cd7a986fd3\windows-amd64\native-platform-file-events.dll
0x00007ffb92cf0000 - 0x00007ffb92cfd000 	C:\Program Files\Java\jdk-1.8\jre\bin\management.dll
0x00007ffb99710000 - 0x00007ffb99728000 	C:\Windows\SYSTEM32\CRYPTSP.dll
0x00007ffb98e30000 - 0x00007ffb98e68000 	C:\Windows\system32\rsaenh.dll
0x00007ffb99d00000 - 0x00007ffb99d2e000 	C:\Windows\SYSTEM32\USERENV.dll
0x00007ffb9a3e0000 - 0x00007ffb9a462000 	C:\Windows\System32\bcryptprimitives.dll
0x00007ffb99700000 - 0x00007ffb9970c000 	C:\Windows\SYSTEM32\CRYPTBASE.dll
0x00007ffb991f0000 - 0x00007ffb9922b000 	C:\Windows\SYSTEM32\IPHLPAPI.DLL
0x00007ffb9c670000 - 0x00007ffb9c678000 	C:\Windows\System32\NSI.dll
0x00007ffb91720000 - 0x00007ffb91737000 	C:\Windows\SYSTEM32\dhcpcsvc6.DLL
0x00007ffb927e0000 - 0x00007ffb927fd000 	C:\Windows\SYSTEM32\dhcpcsvc.DLL
0x00007ffb99230000 - 0x00007ffb992fa000 	C:\Windows\SYSTEM32\DNSAPI.dll

VM Arguments:
jvm_args: -Xmx3G -Dfile.encoding=windows-1252 -Duser.country=US -Duser.language=en -Duser.variant 
java_command: org.gradle.launcher.daemon.bootstrap.GradleDaemon 7.4
java_class_path (initial): C:\Users\aaron\.gradle\wrapper\dists\gradle-7.4-bin\c0gwcg53nkjbqw7r0h0umtfvt\gradle-7.4\lib\gradle-launcher-7.4.jar
Launcher Type: SUN_STANDARD

Environment Variables:
JAVA_HOME=C:\Program Files\Java\jdk-1.8
PATH=C:\Program Files\Java\jdk-1.8\bin;C:\Program Files\Common Files\Oracle\Java\javapath;C:\Program Files (x86)\Common Files\Oracle\Java\java8path;C:\Program Files (x86)\Common Files\Oracle\Java\javapath;C:\Windows\system32;C:\Windows;C:\Windows\System32\Wbem;C:\Windows\System32\WindowsPowerShell\v1.0\;C:\Windows\System32\OpenSSH\;C:\Program Files\Git\cmd;C:\Users\aaron\AppData\Local\Microsoft\WindowsApps;C:\ProgramData\aaron\GitHubDesktop\bin
USERNAME=aaron
OS=Windows_NT
PROCESSOR_IDENTIFIER=Intel64 Family 6 Model 165 Stepping 3, GenuineIntel



---------------  S Y S T E M  ---------------

OS: Windows 10 , 64 bit Build 19041 (10.0.19041.5438)

CPU:total 12 (initial active 12) (6 cores per cpu, 2 threads per core) family 6 model 165 stepping 3, cmov, cx8, fxsr, mmx, sse, sse2, sse3, ssse3, sse4.1, sse4.2, popcnt, avx, avx2, aes, clmul, erms, 3dnowpref, lzcnt, ht, tsc, tscinvbit, bmi1, bmi2, adx

Memory: 4k page, physical 41785516k(10304092k free), swap 41834668k(4116k free)

vm_info: Java HotSpot(TM) 64-Bit Server VM (25.421-b09) for windows-amd64 JRE (1.8.0_421-b09), built on Jun  5 2024 13:01:06 by "java_re" with MS VC++ 17.6 (VS2022)

time: Sun Mar 16 18:56:32 2025
timezone: Pacific Daylight Time
elapsed time: 1.617268 seconds (0d 0h 0m 1s)

