#
# There is insufficient memory for the Java Runtime Environment to continue.
# Native memory allocation (malloc) failed to allocate 1243056 bytes for Chunk::new
# Possible reasons:
#   The system is out of physical RAM or swap space
#   The process is running with CompressedOops enabled, and the Java Heap may be blocking the growth of the native heap
# Possible solutions:
#   Reduce memory load on the system
#   Increase physical memory or swap space
#   Check if swap backing store is full
#   Decrease Java heap size (-Xmx/-Xms)
#   Decrease number of Java threads
#   Decrease Java thread stack sizes (-Xss)
#   Set larger code cache with -XX:ReservedCodeCacheSize=
#   JVM is running with Zero Based Compressed Oops mode in which the Java heap is
#     placed in the first 32GB address space. The Java Heap base address is the
#     maximum limit for the native heap growth. Please use -XX:HeapBaseMinAddress
#     to set the Java Heap base and to place the Java Heap above 32GB virtual address.
# This output file may be truncated or incomplete.
#
#  Out of Memory Error (allocation.cpp:389), pid=27552, tid=0x0000000000005d14
#
# JRE version: Java(TM) SE Runtime Environment (8.0_421) (build 1.8.0_421-b09)
# Java VM: Java HotSpot(TM) 64-Bit Server VM (25.421-b09 mixed mode windows-amd64 compressed oops)
# Failed to write core dump. Minidumps are not enabled by default on client versions of Windows
#

---------------  T H R E A D  ---------------

Current thread (0x000001ced5326800):  JavaThread "C2 CompilerThread0" daemon [_thread_in_native, id=23828, stack(0x00000004d0400000,0x00000004d0500000)]

Stack: [0x00000004d0400000,0x00000004d0500000]
Native frames: (J=compiled Java code, j=interpreted, Vv=VM code, C=native code)
V  [jvm.dll+0x34bb09]
V  [jvm.dll+0x288eb2]
V  [jvm.dll+0x289a80]
V  [jvm.dll+0x27dd05]
V  [jvm.dll+0xd9d8c]
V  [jvm.dll+0xda71c]
V  [jvm.dll+0x49532d]
V  [jvm.dll+0x458ad2]
V  [jvm.dll+0x461bdf]
V  [jvm.dll+0x460fd2]
V  [jvm.dll+0x44ac7c]
V  [jvm.dll+0xaf385]
V  [jvm.dll+0xada9f]
V  [jvm.dll+0x24e5d9]
V  [jvm.dll+0x2a59dc]
C  [ucrtbase.dll+0x21bb2]
C  [KERNEL32.DLL+0x17374]
C  [ntdll.dll+0x4cc91]


Current CompileTask:
C2:   3327 2684       4       groovy.lang.MetaClassImpl$1MOPIter::methodNameAction (325 bytes)


---------------  P R O C E S S  ---------------

Java Threads: ( => current thread )
  0x000001ced7040800 JavaThread "Cache worker for dependencies-accessors (C:\Users\aaron\Documents\GitHub\Unusual-Prehistory\.gradle\7.4\dependencies-accessors)" [_thread_blocked, id=19864, stack(0x00000004d2500000,0x00000004d2600000)]
  0x000001ced7035800 JavaThread "jar transforms Thread 6" [_thread_blocked, id=5448, stack(0x00000004d2400000,0x00000004d2500000)]
  0x000001ced7033800 JavaThread "jar transforms Thread 5" [_thread_blocked, id=13012, stack(0x00000004d2300000,0x00000004d2400000)]
  0x000001ced7036800 JavaThread "jar transforms Thread 4" [_thread_blocked, id=10376, stack(0x00000004d2200000,0x00000004d2300000)]
  0x000001ced7035000 JavaThread "jar transforms Thread 3" [_thread_blocked, id=25788, stack(0x00000004d2100000,0x00000004d2200000)]
  0x000001ced7037000 JavaThread "Cache worker for file content cache (C:\Users\aaron\.gradle\caches\7.4\fileContent)" [_thread_blocked, id=172, stack(0x00000004d2000000,0x00000004d2100000)]
  0x000001ced7039800 JavaThread "jar transforms Thread 2" [_thread_blocked, id=10516, stack(0x00000004d1f00000,0x00000004d2000000)]
  0x000001ced7032000 JavaThread "jar transforms" [_thread_blocked, id=5940, stack(0x00000004d1e00000,0x00000004d1f00000)]
  0x000001ced7039000 JavaThread "Cache worker for execution history cache (C:\Users\aaron\.gradle\caches\7.4\executionHistory)" [_thread_blocked, id=11048, stack(0x00000004d1d00000,0x00000004d1e00000)]
  0x000001ced7032800 JavaThread "Cache worker for cache directory md-supplier (C:\Users\aaron\.gradle\caches\7.4\md-supplier)" [_thread_blocked, id=8596, stack(0x00000004d1c00000,0x00000004d1d00000)]
  0x000001ced7038000 JavaThread "Cache worker for file hash cache (C:\Users\aaron\Documents\GitHub\Unusual-Prehistory\.gradle\7.4\fileHashes)" [_thread_blocked, id=17412, stack(0x00000004d1b00000,0x00000004d1c00000)]
  0x000001ced5341000 JavaThread "Cache worker for cache directory md-rule (C:\Users\aaron\.gradle\caches\7.4\md-rule)" [_thread_blocked, id=27976, stack(0x00000004d1a00000,0x00000004d1b00000)]
  0x000001ced5340000 JavaThread "Cache worker for checksums cache (C:\Users\aaron\Documents\GitHub\Unusual-Prehistory\.gradle\7.4\checksums)" [_thread_blocked, id=27416, stack(0x00000004d1900000,0x00000004d1a00000)]
  0x000001ced533f800 JavaThread "File watcher consumer" daemon [_thread_blocked, id=21968, stack(0x00000004d1800000,0x00000004d1900000)]
  0x000001ced5343000 JavaThread "File watcher server" daemon [_thread_in_native, id=12920, stack(0x00000004d1700000,0x00000004d1800000)]
  0x000001ced5342800 JavaThread "Cache worker for file hash cache (C:\Users\aaron\.gradle\caches\7.4\fileHashes)" [_thread_blocked, id=23148, stack(0x00000004d1600000,0x00000004d1700000)]
  0x000001ced533e000 JavaThread "File lock request listener" [_thread_in_native, id=16996, stack(0x00000004d1500000,0x00000004d1600000)]
  0x000001ced5344000 JavaThread "Cache worker for journal cache (C:\Users\aaron\.gradle\caches\journal-1)" [_thread_blocked, id=25368, stack(0x00000004d1400000,0x00000004d1500000)]
  0x000001ced533e800 JavaThread "Daemon client event forwarder" [_thread_blocked, id=7540, stack(0x00000004d1300000,0x00000004d1400000)]
  0x000001ced904f000 JavaThread "Stdin handler" [_thread_blocked, id=25744, stack(0x00000004d1200000,0x00000004d1300000)]
  0x000001ced8676800 JavaThread "Asynchronous log dispatcher for DefaultDaemonConnection: socket connection from /127.0.0.1:61568 to /127.0.0.1:61569" [_thread_blocked, id=14496, stack(0x00000004d1100000,0x00000004d1200000)]
  0x000001ced866a000 JavaThread "Daemon worker" [_thread_blocked, id=13776, stack(0x00000004d1000000,0x00000004d1100000)]
  0x000001ced867c800 JavaThread "Cancel handler" [_thread_blocked, id=27068, stack(0x00000004d0f00000,0x00000004d1000000)]
  0x000001ced8590800 JavaThread "Handler for socket connection from /127.0.0.1:61568 to /127.0.0.1:61569" [_thread_in_native, id=15784, stack(0x00000004d0e00000,0x00000004d0f00000)]
  0x000001ced8630800 JavaThread "Daemon" [_thread_blocked, id=6396, stack(0x00000004d0d00000,0x00000004d0e00000)]
  0x000001ced85c8000 JavaThread "Daemon periodic checks" [_thread_blocked, id=13956, stack(0x00000004d0c00000,0x00000004d0d00000)]
  0x000001ced858f000 JavaThread "Incoming local TCP Connector on port 61568" [_thread_in_native, id=15940, stack(0x00000004d0b00000,0x00000004d0c00000)]
  0x000001ced848e800 JavaThread "Daemon health stats" [_thread_blocked, id=17144, stack(0x00000004d0a00000,0x00000004d0b00000)]
  0x000001ced6b47000 JavaThread "Service Thread" daemon [_thread_blocked, id=22464, stack(0x00000004d0800000,0x00000004d0900000)]
  0x000001ced5341800 JavaThread "C1 CompilerThread3" daemon [_thread_blocked, id=13020, stack(0x00000004d0700000,0x00000004d0800000)]
  0x000001ced5330800 JavaThread "C2 CompilerThread2" daemon [_thread_blocked, id=27916, stack(0x00000004d0600000,0x00000004d0700000)]
  0x000001ced5328800 JavaThread "C2 CompilerThread1" daemon [_thread_in_native, id=13436, stack(0x00000004d0500000,0x00000004d0600000)]
=>0x000001ced5326800 JavaThread "C2 CompilerThread0" daemon [_thread_in_native, id=23828, stack(0x00000004d0400000,0x00000004d0500000)]
  0x000001ced5323000 JavaThread "Attach Listener" daemon [_thread_blocked, id=15348, stack(0x00000004d0300000,0x00000004d0400000)]
  0x000001ced5321800 JavaThread "Signal Dispatcher" daemon [_thread_blocked, id=16180, stack(0x00000004d0200000,0x00000004d0300000)]
  0x000001ced52f4800 JavaThread "Finalizer" daemon [_thread_blocked, id=21476, stack(0x00000004d0100000,0x00000004d0200000)]
  0x000001ced52ed800 JavaThread "Reference Handler" daemon [_thread_blocked, id=24032, stack(0x00000004d0000000,0x00000004d0100000)]
  0x000001ceb9938000 JavaThread "main" [_thread_blocked, id=10644, stack(0x00000004cf400000,0x00000004cf500000)]

Other Threads:
  0x000001ced52c5000 VMThread [stack: 0x00000004cff00000,0x00000004d0000000] [id=28392]
  0x000001ced6b90800 WatcherThread [stack: 0x00000004d0900000,0x00000004d0a00000] [id=19720]

VM state:not at safepoint (normal execution)

VM Mutex/Monitor currently owned by a thread: None

heap address: 0x00000006c0000000, size: 4096 MB, Compressed Oops mode: Zero based, Oop shift amount: 3
Narrow klass base: 0x0000000000000000, Narrow klass shift: 3
Compressed class space size: 1073741824 Address: 0x00000007c0000000

Heap:
 PSYoungGen      total 190464K, used 25851K [0x000000076ab00000, 0x000000077c780000, 0x00000007c0000000)
  eden space 163328K, 6% used [0x000000076ab00000,0x000000076b502470,0x0000000774a80000)
  from space 27136K, 57% used [0x0000000774a80000,0x00000007759bc980,0x0000000776500000)
  to   space 27136K, 0% used [0x000000077ad00000,0x000000077ad00000,0x000000077c780000)
 ParOldGen       total 261632K, used 12729K [0x00000006c0000000, 0x00000006cff80000, 0x000000076ab00000)
  object space 261632K, 4% used [0x00000006c0000000,0x00000006c0c6e648,0x00000006cff80000)
 Metaspace       used 33438K, capacity 34976K, committed 35072K, reserved 1079296K
  class space    used 4754K, capacity 5093K, committed 5120K, reserved 1048576K

Card table byte_map: [0x000001ceca5d0000,0x000001cecade0000] byte_map_base: 0x000001cec6fd0000

Marking Bits: (ParMarkBitMap*) 0x00007fffefb3f200
 Begin Bits: [0x000001cecb340000, 0x000001cecf340000)
 End Bits:   [0x000001cecf340000, 0x000001ced3340000)

Polling page: 0x000001cebb1e0000

CodeCache: size=245760Kb used=10990Kb max_used=10996Kb free=234769Kb
 bounds [0x000001cebb210000, 0x000001cebbce0000, 0x000001ceca210000]
 total_blobs=3592 nmethods=2892 adapters=612
 compilation: enabled

Compilation events (10 events):
Event: 3.308 Thread 0x000001ced5330800 nmethod 2888 0x000001cebbccdb10 code [0x000001cebbccdc80, 0x000001cebbcce098]
Event: 3.308 Thread 0x000001ced5330800 2885       4       org.objectweb.asm.Symbol::<init> (38 bytes)
Event: 3.309 Thread 0x000001ced5330800 nmethod 2885 0x000001cebbcce510 code [0x000001cebbcce640, 0x000001cebbcce6d8]
Event: 3.309 Thread 0x000001ced5330800 2878       4       org.gradle.cache.internal.btree.BTreePersistentIndexedCache$IndexEntry::<init> (5 bytes)
Event: 3.309 Thread 0x000001ced5330800 nmethod 2878 0x000001cebbcce750 code [0x000001cebbcce880, 0x000001cebbcce8d8]
Event: 3.309 Thread 0x000001ced5341800 2892   !   3       sun.reflect.GeneratedMethodAccessor1::invoke (68 bytes)
Event: 3.309 Thread 0x000001ced5341800 nmethod 2892 0x000001cebbccf0d0 code [0x000001cebbccf2c0, 0x000001cebbccfac0]
Event: 3.309 Thread 0x000001ced5341800 2893       1       org.gradle.internal.logging.events.CategorisedOutputEvent::getCategory (5 bytes)
Event: 3.310 Thread 0x000001ced5341800 nmethod 2893 0x000001cebbccd850 code [0x000001cebbccd9a0, 0x000001cebbccdab8]
Event: 3.313 Thread 0x000001ced5341800 2894       3       java.util.concurrent.TimeUnit$1::toMillis (6 bytes)

GC Heap History (8 events):
Event: 1.535 GC heap before
{Heap before GC invocations=1 (full 0):
 PSYoungGen      total 190464K, used 163328K [0x000000076ab00000, 0x0000000777f80000, 0x00000007c0000000)
  eden space 163328K, 100% used [0x000000076ab00000,0x0000000774a80000,0x0000000774a80000)
  from space 27136K, 0% used [0x0000000776500000,0x0000000776500000,0x0000000777f80000)
  to   space 27136K, 0% used [0x0000000774a80000,0x0000000774a80000,0x0000000776500000)
 ParOldGen       total 435712K, used 0K [0x00000006c0000000, 0x00000006da980000, 0x000000076ab00000)
  object space 435712K, 0% used [0x00000006c0000000,0x00000006c0000000,0x00000006da980000)
 Metaspace       used 14779K, capacity 15216K, committed 15360K, reserved 1062912K
  class space    used 2090K, capacity 2222K, committed 2304K, reserved 1048576K
Event: 1.547 GC heap after
Heap after GC invocations=1 (full 0):
 PSYoungGen      total 190464K, used 13954K [0x000000076ab00000, 0x0000000777f80000, 0x00000007c0000000)
  eden space 163328K, 0% used [0x000000076ab00000,0x000000076ab00000,0x0000000774a80000)
  from space 27136K, 51% used [0x0000000774a80000,0x0000000775820ac0,0x0000000776500000)
  to   space 27136K, 0% used [0x0000000776500000,0x0000000776500000,0x0000000777f80000)
 ParOldGen       total 435712K, used 16K [0x00000006c0000000, 0x00000006da980000, 0x000000076ab00000)
  object space 435712K, 0% used [0x00000006c0000000,0x00000006c0004000,0x00000006da980000)
 Metaspace       used 14779K, capacity 15216K, committed 15360K, reserved 1062912K
  class space    used 2090K, capacity 2222K, committed 2304K, reserved 1048576K
}
Event: 2.095 GC heap before
{Heap before GC invocations=2 (full 0):
 PSYoungGen      total 190464K, used 105162K [0x000000076ab00000, 0x0000000777f80000, 0x00000007c0000000)
  eden space 163328K, 55% used [0x000000076ab00000,0x0000000770411f58,0x0000000774a80000)
  from space 27136K, 51% used [0x0000000774a80000,0x0000000775820ac0,0x0000000776500000)
  to   space 27136K, 0% used [0x0000000776500000,0x0000000776500000,0x0000000777f80000)
 ParOldGen       total 435712K, used 16K [0x00000006c0000000, 0x00000006da980000, 0x000000076ab00000)
  object space 435712K, 0% used [0x00000006c0000000,0x00000006c0004000,0x00000006da980000)
 Metaspace       used 20482K, capacity 21132K, committed 21296K, reserved 1067008K
  class space    used 3006K, capacity 3172K, committed 3200K, reserved 1048576K
Event: 2.103 GC heap after
Heap after GC invocations=2 (full 0):
 PSYoungGen      total 190464K, used 13289K [0x000000076ab00000, 0x0000000777f80000, 0x00000007c0000000)
  eden space 163328K, 0% used [0x000000076ab00000,0x000000076ab00000,0x0000000774a80000)
  from space 27136K, 48% used [0x0000000776500000,0x00000007771fa580,0x0000000777f80000)
  to   space 27136K, 0% used [0x0000000774a80000,0x0000000774a80000,0x0000000776500000)
 ParOldGen       total 435712K, used 24K [0x00000006c0000000, 0x00000006da980000, 0x000000076ab00000)
  object space 435712K, 0% used [0x00000006c0000000,0x00000006c0006000,0x00000006da980000)
 Metaspace       used 20482K, capacity 21132K, committed 21296K, reserved 1067008K
  class space    used 3006K, capacity 3172K, committed 3200K, reserved 1048576K
}
Event: 2.103 GC heap before
{Heap before GC invocations=3 (full 1):
 PSYoungGen      total 190464K, used 13289K [0x000000076ab00000, 0x0000000777f80000, 0x00000007c0000000)
  eden space 163328K, 0% used [0x000000076ab00000,0x000000076ab00000,0x0000000774a80000)
  from space 27136K, 48% used [0x0000000776500000,0x00000007771fa580,0x0000000777f80000)
  to   space 27136K, 0% used [0x0000000774a80000,0x0000000774a80000,0x0000000776500000)
 ParOldGen       total 435712K, used 24K [0x00000006c0000000, 0x00000006da980000, 0x000000076ab00000)
  object space 435712K, 0% used [0x00000006c0000000,0x00000006c0006000,0x00000006da980000)
 Metaspace       used 20482K, capacity 21132K, committed 21296K, reserved 1067008K
  class space    used 3006K, capacity 3172K, committed 3200K, reserved 1048576K
Event: 2.129 GC heap after
Heap after GC invocations=3 (full 1):
 PSYoungGen      total 190464K, used 0K [0x000000076ab00000, 0x0000000777f80000, 0x00000007c0000000)
  eden space 163328K, 0% used [0x000000076ab00000,0x000000076ab00000,0x0000000774a80000)
  from space 27136K, 0% used [0x0000000776500000,0x0000000776500000,0x0000000777f80000)
  to   space 27136K, 0% used [0x0000000774a80000,0x0000000774a80000,0x0000000776500000)
 ParOldGen       total 261632K, used 12721K [0x00000006c0000000, 0x00000006cff80000, 0x000000076ab00000)
  object space 261632K, 4% used [0x00000006c0000000,0x00000006c0c6c648,0x00000006cff80000)
 Metaspace       used 20482K, capacity 21132K, committed 21296K, reserved 1067008K
  class space    used 3006K, capacity 3172K, committed 3200K, reserved 1048576K
}
Event: 3.264 GC heap before
{Heap before GC invocations=4 (full 1):
 PSYoungGen      total 190464K, used 163328K [0x000000076ab00000, 0x0000000777f80000, 0x00000007c0000000)
  eden space 163328K, 100% used [0x000000076ab00000,0x0000000774a80000,0x0000000774a80000)
  from space 27136K, 0% used [0x0000000776500000,0x0000000776500000,0x0000000777f80000)
  to   space 27136K, 0% used [0x0000000774a80000,0x0000000774a80000,0x0000000776500000)
 ParOldGen       total 261632K, used 12721K [0x00000006c0000000, 0x00000006cff80000, 0x000000076ab00000)
  object space 261632K, 4% used [0x00000006c0000000,0x00000006c0c6c648,0x00000006cff80000)
 Metaspace       used 33237K, capacity 34748K, committed 35072K, reserved 1079296K
  class space    used 4722K, capacity 5023K, committed 5120K, reserved 1048576K
Event: 3.273 GC heap after
Heap after GC invocations=4 (full 1):
 PSYoungGen      total 190464K, used 15602K [0x000000076ab00000, 0x000000077c780000, 0x00000007c0000000)
  eden space 163328K, 0% used [0x000000076ab00000,0x000000076ab00000,0x0000000774a80000)
  from space 27136K, 57% used [0x0000000774a80000,0x00000007759bc980,0x0000000776500000)
  to   space 27136K, 0% used [0x000000077ad00000,0x000000077ad00000,0x000000077c780000)
 ParOldGen       total 261632K, used 12729K [0x00000006c0000000, 0x00000006cff80000, 0x000000076ab00000)
  object space 261632K, 4% used [0x00000006c0000000,0x00000006c0c6e648,0x00000006cff80000)
 Metaspace       used 33237K, capacity 34748K, committed 35072K, reserved 1079296K
  class space    used 4722K, capacity 5023K, committed 5120K, reserved 1048576K
}

Deoptimization events (10 events):
Event: 2.356 Thread 0x000001ced866a000 Uncommon trap: reason=unstable_if action=reinterpret pc=0x000001cebb650428 method=java.util.HashMap.hash(Ljava/lang/Object;)I @ 1
Event: 2.699 Thread 0x000001ced866a000 Uncommon trap: reason=unstable_if action=reinterpret pc=0x000001cebb8b19f8 method=java.net.URLClassLoader.defineClass(Ljava/lang/String;Lsun/misc/Resource;)Ljava/lang/Class; @ 21
Event: 2.700 Thread 0x000001ced866a000 Uncommon trap: reason=unstable_if action=reinterpret pc=0x000001cebb75502c method=java.lang.ClassLoader.getClassLoadingLock(Ljava/lang/String;)Ljava/lang/Object; @ 6
Event: 2.745 Thread 0x000001ced866a000 Uncommon trap: reason=unstable_if action=reinterpret pc=0x000001cebb552bd8 method=sun.misc.MetaIndex.mayContain(Ljava/lang/String;)Z @ 38
Event: 2.892 Thread 0x000001ced866a000 Uncommon trap: reason=unstable_if action=reinterpret pc=0x000001cebb628ccc method=sun.misc.URLClassPath$JarLoader.getResource(Ljava/lang/String;ZLjava/util/Set;)Lsun/misc/Resource; @ 17
Event: 3.136 Thread 0x000001ced866a000 Uncommon trap: reason=unstable_if action=reinterpret pc=0x000001cebb800364 method=java.util.HashMap.putVal(ILjava/lang/Object;Ljava/lang/Object;ZZ)Ljava/lang/Object; @ 162
Event: 3.274 Thread 0x000001ced52f4800 Uncommon trap: reason=unstable_if action=reinterpret pc=0x000001cebb8a7dc8 method=java.lang.ref.Finalizer.remove()V @ 10
Event: 3.275 Thread 0x000001ced52f4800 Uncommon trap: reason=unstable_if action=reinterpret pc=0x000001cebb89ceb0 method=java.lang.ref.Finalizer.remove()V @ 10
Event: 3.275 Thread 0x000001ced52f4800 Uncommon trap: reason=unstable_if action=reinterpret pc=0x000001cebb88c6b8 method=java.lang.ref.Finalizer.remove()V @ 10
Event: 3.302 Thread 0x000001ced866a000 Uncommon trap: reason=unstable_if action=reinterpret pc=0x000001cebbca4ea4 method=java.util.Arrays.hashCode([Ljava/lang/Object;)I @ 34

Classes redefined (0 events):
No events

Internal exceptions (10 events):
Event: 3.256 Thread 0x000001ced866a000 Exception <a 'java/lang/ClassNotFoundException': org/gradle/api/internal/artifacts/repositories/AbstractArtifactRepositoryCustomizer> (0x0000000774866ae0) thrown at [C:\jenkins\workspace\8-2-build-windows-x64-cygwin-sans-NAS\jdk8u421\1068\hotspot\src\shar
Event: 3.258 Thread 0x000001ced866a000 Exception <a 'java/lang/ClassNotFoundException': org/gradle/api/internal/artifacts/repositories/AbstractResolutionAwareArtifactRepositoryCustomizer> (0x00000007748fa660) thrown at [C:\jenkins\workspace\8-2-build-windows-x64-cygwin-sans-NAS\jdk8u421\1068\h
Event: 3.260 Thread 0x000001ced866a000 Exception <a 'java/lang/ClassNotFoundException': org/gradle/api/internal/artifacts/repositories/AbstractAuthenticationSupportedRepositoryCustomizer> (0x00000007749775d0) thrown at [C:\jenkins\workspace\8-2-build-windows-x64-cygwin-sans-NAS\jdk8u421\1068\h
Event: 3.262 Thread 0x000001ced866a000 Exception <a 'java/lang/ClassNotFoundException': org/gradle/api/internal/artifacts/repositories/DefaultMavenArtifactRepositoryCustomizer> (0x00000007749f6788) thrown at [C:\jenkins\workspace\8-2-build-windows-x64-cygwin-sans-NAS\jdk8u421\1068\hotspot\src\
Event: 3.274 Thread 0x000001ced866a000 Exception <a 'java/lang/ClassNotFoundException': org/gradle/api/internal/artifacts/repositories/DefaultMavenArtifactRepository_DecoratedCustomizer> (0x000000076ab10c78) thrown at [C:\jenkins\workspace\8-2-build-windows-x64-cygwin-sans-NAS\jdk8u421\1068\ho
Event: 3.282 Thread 0x000001ced866a000 Exception <a 'java/lang/ClassNotFoundException': org/gradle/plugin/management/internal/DefaultPluginResolutionStrategy_DecoratedBeanInfo> (0x000000076acae870) thrown at [C:\jenkins\workspace\8-2-build-windows-x64-cygwin-sans-NAS\jdk8u421\1068\hotspot\src\
Event: 3.283 Thread 0x000001ced866a000 Exception <a 'java/lang/ClassNotFoundException': org/gradle/plugin/management/internal/DefaultPluginResolutionStrategyBeanInfo> (0x000000076ad0e818) thrown at [C:\jenkins\workspace\8-2-build-windows-x64-cygwin-sans-NAS\jdk8u421\1068\hotspot\src\share\vm\c
Event: 3.284 Thread 0x000001ced866a000 Exception <a 'java/lang/ClassNotFoundException': org/gradle/plugin/management/internal/DefaultPluginResolutionStrategyCustomizer> (0x000000076ad6f788) thrown at [C:\jenkins\workspace\8-2-build-windows-x64-cygwin-sans-NAS\jdk8u421\1068\hotspot\src\share\vm
Event: 3.285 Thread 0x000001ced866a000 Exception <a 'java/lang/ClassNotFoundException': org/gradle/plugin/management/internal/DefaultPluginResolutionStrategy_DecoratedCustomizer> (0x000000076ade1248) thrown at [C:\jenkins\workspace\8-2-build-windows-x64-cygwin-sans-NAS\jdk8u421\1068\hotspot\sr
Event: 3.302 Thread 0x000001ced866a000 Implicit null exception at 0x000001cebbca4def to 0x000001cebbca4e85

Events (10 events):
Event: 3.310 loading class org/gradle/cache/internal/InMemoryCacheDecoratorFactory done
Event: 3.310 loading class org/gradle/cache/internal/InMemoryCacheDecoratorFactory
Event: 3.310 loading class org/gradle/cache/internal/InMemoryCacheDecoratorFactory done
Event: 3.311 loading class org/gradle/cache/PersistentCache
Event: 3.311 loading class org/gradle/cache/PersistentCache done
Event: 3.311 loading class org/gradle/cache/PersistentCache
Event: 3.311 loading class org/gradle/cache/PersistentCache done
Event: 3.311 loading class org/gradle/cache/PersistentCache
Event: 3.311 loading class org/gradle/cache/PersistentCache done
Event: 3.312 Thread 0x000001ced7040800 Thread added: 0x000001ced7040800


Dynamic libraries:
0x00007ff6ec090000 - 0x00007ff6ec0df000 	C:\Program Files\Java\jdk-1.8\bin\java.exe
0x00007ff8381f0000 - 0x00007ff8383e8000 	C:\Windows\SYSTEM32\ntdll.dll
0x00007ff837e60000 - 0x00007ff837f22000 	C:\Windows\System32\KERNEL32.DLL
0x00007ff835c50000 - 0x00007ff835f46000 	C:\Windows\System32\KERNELBASE.dll
0x00007ff836a50000 - 0x00007ff836b01000 	C:\Windows\System32\ADVAPI32.dll
0x00007ff836280000 - 0x00007ff83631e000 	C:\Windows\System32\msvcrt.dll
0x00007ff837d10000 - 0x00007ff837daf000 	C:\Windows\System32\sechost.dll
0x00007ff8367b0000 - 0x00007ff8368d3000 	C:\Windows\System32\RPCRT4.dll
0x00007ff835f50000 - 0x00007ff835f77000 	C:\Windows\System32\bcrypt.dll
0x00007ff837280000 - 0x00007ff83741d000 	C:\Windows\System32\USER32.dll
0x00007ff835a90000 - 0x00007ff835ab2000 	C:\Windows\System32\win32u.dll
0x00007ff8378a0000 - 0x00007ff8378cb000 	C:\Windows\System32\GDI32.dll
0x00007ff8360e0000 - 0x00007ff8361fa000 	C:\Windows\System32\gdi32full.dll
0x00007ff8359f0000 - 0x00007ff835a8d000 	C:\Windows\System32\msvcp_win.dll
0x00007ff835870000 - 0x00007ff835970000 	C:\Windows\System32\ucrtbase.dll
0x00007ff8231f0000 - 0x00007ff82348a000 	C:\Windows\WinSxS\amd64_microsoft.windows.common-controls_6595b64144ccf1df_6.0.19041.4355_none_60b8b9eb71f62e16\COMCTL32.dll
0x00007ff837c60000 - 0x00007ff837c8f000 	C:\Windows\System32\IMM32.DLL
0x00007ff82f890000 - 0x00007ff82f8ab000 	C:\Program Files\Java\jdk-1.8\jre\bin\vcruntime140.dll
0x00007ff831500000 - 0x00007ff83150c000 	C:\Program Files\Java\jdk-1.8\jre\bin\vcruntime140_1.dll
0x00007ff8151c0000 - 0x00007ff81524e000 	C:\Program Files\Java\jdk-1.8\jre\bin\msvcp140.dll
0x00007fffef310000 - 0x00007fffefbb9000 	C:\Program Files\Java\jdk-1.8\jre\bin\server\jvm.dll
0x00007ff8368e0000 - 0x00007ff8368e8000 	C:\Windows\System32\PSAPI.DLL
0x00007ff82b700000 - 0x00007ff82b70a000 	C:\Windows\SYSTEM32\VERSION.dll
0x00007ff824430000 - 0x00007ff824439000 	C:\Windows\SYSTEM32\WSOCK32.dll
0x00007ff826f00000 - 0x00007ff826f27000 	C:\Windows\SYSTEM32\WINMM.dll
0x00007ff8369e0000 - 0x00007ff836a4b000 	C:\Windows\System32\WS2_32.dll
0x00007ff8340b0000 - 0x00007ff8340c2000 	C:\Windows\SYSTEM32\kernel.appcore.dll
0x00007ff82f880000 - 0x00007ff82f890000 	C:\Program Files\Java\jdk-1.8\jre\bin\verify.dll
0x00007ff82f850000 - 0x00007ff82f87b000 	C:\Program Files\Java\jdk-1.8\jre\bin\java.dll
0x00007ff82e9e0000 - 0x00007ff82e9f8000 	C:\Program Files\Java\jdk-1.8\jre\bin\zip.dll
0x00007ff836b10000 - 0x00007ff83727f000 	C:\Windows\System32\SHELL32.dll
0x00007ff8337b0000 - 0x00007ff833f53000 	C:\Windows\SYSTEM32\windows.storage.dll
0x00007ff836320000 - 0x00007ff836675000 	C:\Windows\System32\combase.dll
0x00007ff8351d0000 - 0x00007ff8351fb000 	C:\Windows\SYSTEM32\Wldp.dll
0x00007ff8380e0000 - 0x00007ff8381ad000 	C:\Windows\System32\OLEAUT32.dll
0x00007ff837db0000 - 0x00007ff837e5d000 	C:\Windows\System32\SHCORE.dll
0x00007ff8379a0000 - 0x00007ff8379f5000 	C:\Windows\System32\shlwapi.dll
0x00007ff8357a0000 - 0x00007ff8357c5000 	C:\Windows\SYSTEM32\profapi.dll
0x00007ff82e9a0000 - 0x00007ff82e9bc000 	C:\Program Files\Java\jdk-1.8\jre\bin\net.dll
0x00007ff834f30000 - 0x00007ff834f9c000 	C:\Windows\system32\mswsock.dll
0x00007ff82e7f0000 - 0x00007ff82e803000 	C:\Program Files\Java\jdk-1.8\jre\bin\nio.dll
0x00007ff814730000 - 0x00007ff814757000 	C:\Users\aaron\.gradle\native\e1d6ef7f7dcc3fd88c89a11ec53ec762bb8ba0a96d01ffa2cd45eb1d1d8dd5c5\windows-amd64\native-platform.dll
0x00007ff807590000 - 0x00007ff8076d4000 	C:\Users\aaron\.gradle\native\0d407fdbe67a94daf76414ababcb853783967236a71b16ec16e742cd7a986fd3\windows-amd64\native-platform-file-events.dll
0x00007ff82e7e0000 - 0x00007ff82e7ed000 	C:\Program Files\Java\jdk-1.8\jre\bin\management.dll
0x00007ff835130000 - 0x00007ff835148000 	C:\Windows\SYSTEM32\CRYPTSP.dll
0x00007ff834850000 - 0x00007ff834888000 	C:\Windows\system32\rsaenh.dll
0x00007ff835760000 - 0x00007ff83578e000 	C:\Windows\SYSTEM32\USERENV.dll
0x00007ff835ac0000 - 0x00007ff835b42000 	C:\Windows\System32\bcryptprimitives.dll
0x00007ff835120000 - 0x00007ff83512c000 	C:\Windows\SYSTEM32\CRYPTBASE.dll
0x00007ff834c10000 - 0x00007ff834c4b000 	C:\Windows\SYSTEM32\IPHLPAPI.DLL
0x00007ff8378e0000 - 0x00007ff8378e8000 	C:\Windows\System32\NSI.dll
0x00007ff82dde0000 - 0x00007ff82ddf7000 	C:\Windows\SYSTEM32\dhcpcsvc6.DLL
0x00007ff82ebc0000 - 0x00007ff82ebdd000 	C:\Windows\SYSTEM32\dhcpcsvc.DLL
0x00007ff834c50000 - 0x00007ff834d1a000 	C:\Windows\SYSTEM32\DNSAPI.dll
0x00007ff833590000 - 0x00007ff833774000 	C:\Windows\SYSTEM32\dbghelp.dll

VM Arguments:
jvm_args: -Xmx4G -Dfile.encoding=windows-1252 -Duser.country=US -Duser.language=en -Duser.variant 
java_command: org.gradle.launcher.daemon.bootstrap.GradleDaemon 7.4
java_class_path (initial): C:\Users\aaron\.gradle\wrapper\dists\gradle-7.4-bin\c0gwcg53nkjbqw7r0h0umtfvt\gradle-7.4\lib\gradle-launcher-7.4.jar
Launcher Type: SUN_STANDARD

Environment Variables:
JAVA_HOME=C:\Program Files\Java\jdk-1.8
PATH=C:\Program Files (x86)\Razer Chroma SDK\bin;C:\Program Files\Razer Chroma SDK\bin;C:\Program Files\Java\jdk-1.8\bin;C:\Program Files\Common Files\Oracle\Java\javapath;C:\Program Files (x86)\Common Files\Oracle\Java\java8path;C:\Program Files (x86)\Common Files\Oracle\Java\javapath;C:\Windows\system32;C:\Windows;C:\Windows\System32\Wbem;C:\Windows\System32\WindowsPowerShell\v1.0\;C:\Windows\System32\OpenSSH\;C:\Program Files\Git\cmd;C:\Windows\system32\config\systemprofile\AppData\Local\Microsoft\WindowsApps;C:\Program Files (x86)\Razer\ChromaBroadcast\bin;C:\Program Files\Razer\ChromaBroadcast\bin;C:\Users\aaron\AppData\Local\Microsoft\WindowsApps;C:\ProgramData\aaron\GitHubDesktop\bin;C:\Program Files (x86)\Razer Chroma SDK\bin;C:\Program Files\Razer Chroma SDK\bin;C:\Program Files\Java\jdk-1.8\bin;C:\Program Files\Common Files\Oracle\Java\javapath;C:\Program Files (x86)\Common Files\Oracle\Java\java8path;C:\Program Files (x86)\Common Files\Oracle\Java\javapath;C:\Windows\system32;C:\Windows;C:\Windows\System32\Wbem;C:\Windows\System32\WindowsPowerShell\v1.0\;C:\Windows\System32\OpenSSH\;C:\Program Files\Git\cmd;C:\Windows\system32\config\systemprofile\AppData\Local\Microsoft\WindowsApps;C:\Program Files (x86)\Razer\ChromaBroadcast\bin;C:\Program Files\Razer\ChromaBroadcast\bin;C:\Users\aaron\AppData\Local\Microsoft\WindowsApps;C:\ProgramData\aaron\GitHubDesktop\bin;C:\Users\aaron\AppData\Local\Microsoft\WindowsApps;C:\ProgramData\aaron\GitHubDesktop\bin;C:\Python34\Scripts
USERNAME=aaron
OS=Windows_NT
PROCESSOR_IDENTIFIER=Intel64 Family 6 Model 165 Stepping 3, GenuineIntel



---------------  S Y S T E M  ---------------

OS: Windows 10 , 64 bit Build 19041 (10.0.19041.5678)

CPU:total 12 (initial active 12) (6 cores per cpu, 2 threads per core) family 6 model 165 stepping 3, cmov, cx8, fxsr, mmx, sse, sse2, sse3, ssse3, sse4.1, sse4.2, popcnt, avx, avx2, aes, clmul, erms, 3dnowpref, lzcnt, ht, tsc, tscinvbit, bmi1, bmi2, adx

Memory: 4k page, physical 41785516k(10520588k free), swap 41834668k(5152k free)

vm_info: Java HotSpot(TM) 64-Bit Server VM (25.421-b09) for windows-amd64 JRE (1.8.0_421-b09), built on Jun  5 2024 13:01:06 by "java_re" with MS VC++ 17.6 (VS2022)

time: Thu Apr  3 00:21:56 2025
timezone: Pacific Daylight Time
elapsed time: 3.331061 seconds (0d 0h 0m 3s)

